 testserver

 Timestamp is 61e7a2f0 (Tue Jan 18 22:34:40 2022)

 Preferred load address is 0000000140000000

 Start         Length     Name                   Class
 0001:00000000 0003d040H .text$mn                CODE
 0001:0003d040 00000040H .text$mn$00             CODE
 0001:0003d080 0000069dH .text$x                 CODE
 0002:00000000 000002b8H .idata$5                DATA
 0002:000002b8 00000030H .00cfg                  DATA
 0002:000002e8 00000008H .CRT$XCA                DATA
 0002:000002f0 00000008H .CRT$XCAA               DATA
 0002:000002f8 00000008H .CRT$XCZ                DATA
 0002:00000300 00000008H .CRT$XIA                DATA
 0002:00000308 00000008H .CRT$XIAA               DATA
 0002:00000310 00000008H .CRT$XIAC               DATA
 0002:00000318 00000020H .CRT$XIC                DATA
 0002:00000338 00000008H .CRT$XIZ                DATA
 0002:00000340 00000008H .CRT$XPA                DATA
 0002:00000348 00000010H .CRT$XPX                DATA
 0002:00000358 00000008H .CRT$XPXA               DATA
 0002:00000360 00000008H .CRT$XPZ                DATA
 0002:00000368 00000008H .CRT$XTA                DATA
 0002:00000370 00000010H .CRT$XTZ                DATA
 0002:00000378 00000000H .gehcont$y              DATA
 0002:00000378 00000000H .gfids$y                DATA
 0002:00000380 00012780H .rdata                  DATA
 0002:00012b00 00000000H .rdata$CastGuardVftablesA DATA
 0002:00012b00 00000000H .rdata$CastGuardVftablesC DATA
 0002:00012b00 0000016cH .rdata$r                DATA
 0002:00012c6c 00000048H .rdata$voltmd           DATA
 0002:00012cb4 00000344H .rdata$zzzdbg           DATA
 0002:00012ff8 00000008H .rtc$IAA                DATA
 0002:00013000 00000008H .rtc$IZZ                DATA
 0002:00013008 00000008H .rtc$TAA                DATA
 0002:00013010 00000010H .rtc$TZZ                DATA
 0002:00013020 000011b8H .xdata                  DATA
 0002:000141d8 00000084H .xdata$x                DATA
 0002:0001425c 00000000H .edata                  DATA
 0002:0001425c 00000028H .idata$2                DATA
 0002:00014284 00000014H .idata$3                DATA
 0002:00014298 000002b8H .idata$4                DATA
 0002:00014550 00000598H .idata$6                DATA
 0003:00000000 00000ab0H .data                   DATA
 0003:00000ab0 00000050H .data$r                 DATA
 0003:00000b00 00000020H .data$rs                DATA
 0003:00000b20 00001878H .bss                    DATA
 0004:00000000 000031a4H .pdata                  DATA
 0005:00000000 000000f4H _RDATA                  DATA

  Address         Publics by Value              Rva+Base               Lib:Object

 0000:00000000       __arm64x_redirection_metadata 0000000000000000     <absolute>
 0000:00000000       __guard_iat_table          0000000000000000     <absolute>
 0000:00000000       ___safe_se_handler_table   0000000000000000     <absolute>
 0000:00000000       __guard_iat_count          0000000000000000     <absolute>
 0000:00000000       __guard_longjmp_count      0000000000000000     <absolute>
 0000:00000000       __dynamic_value_reloc_table 0000000000000000     <absolute>
 0000:00000000       __guard_longjmp_table      0000000000000000     <absolute>
 0000:00000000       __hybrid_auxiliary_iat     0000000000000000     <absolute>
 0000:00000000       __x64_code_ranges_to_entry_points 0000000000000000     <absolute>
 0000:00000000       __hybrid_auxiliary_iat_copy 0000000000000000     <absolute>
 0000:00000000       __x64_code_ranges_to_entry_points_count 0000000000000000     <absolute>
 0000:00000000       __guard_fids_count         0000000000000000     <absolute>
 0000:00000000       __arm64x_extra_rfe_table   0000000000000000     <absolute>
 0000:00000000       __AbsoluteZero             0000000000000000     <absolute>
 0000:00000000       __hybrid_code_map          0000000000000000     <absolute>
 0000:00000000       __guard_check_icall_a64n_fptr 0000000000000000     <absolute>
 0000:00000000       __arm64x_extra_rfe_table_size 0000000000000000     <absolute>
 0000:00000000       ___safe_se_handler_count   0000000000000000     <absolute>
 0000:00000000       __guard_fids_table         0000000000000000     <absolute>
 0000:00000000       __guard_eh_cont_count      0000000000000000     <absolute>
 0000:00000000       __arm64x_redirection_metadata_count 0000000000000000     <absolute>
 0000:00000000       __enclave_config           0000000000000000     <absolute>
 0000:00000000       __guard_eh_cont_table      0000000000000000     <absolute>
 0000:00000000       __arm64x_native_entrypoint 0000000000000000     <absolute>
 0000:00000000       __hybrid_code_map_count    0000000000000000     <absolute>
 0000:00000100       __guard_flags              0000000000000100     <absolute>
 0000:00000000       __ImageBase                0000000140000000     <linker-defined>
 0001:00000b90       main                       0000000140001b90 f   testserver.obj
 0001:00000c50       ??$sprintf_s@$09@@YAHAEAY09DPEBDZZ 0000000140001c50 f i testserver.obj
 0001:00000c90       __local_stdio_printf_options 0000000140001c90 f i testserver.obj
 0001:00000ca0       _vfprintf_l                0000000140001ca0 f i testserver.obj
 0001:00000cf0       _vsprintf_s_l              0000000140001cf0 f i testserver.obj
 0001:00000d60       fprintf                    0000000140001d60 f i testserver.obj
 0001:00000db0       printf                     0000000140001db0 f i testserver.obj
 0001:00000e10       vsprintf_s                 0000000140001e10 f i testserver.obj
 0001:00000e50       __GSHandlerCheck           0000000140001e50 f   LIBCMTD:gshandler.obj
 0001:00000e90       __GSHandlerCheckCommon     0000000140001e90 f   LIBCMTD:gshandler.obj
 0001:00000fa0       __security_check_cookie    0000000140001fa0 f   LIBCMTD:amdsecgs.obj
 0001:00001270       ?configure_argv@__scrt_narrow_argv_policy@@SAHXZ 0000000140002270 f i LIBCMTD:exe_main.obj
 0001:00001290       ?initialize_environment@__scrt_narrow_environment_policy@@SAHXZ 0000000140002290 f i LIBCMTD:exe_main.obj
 0001:000012e0       ?set_app_type@__scrt_main_policy@@SAXXZ 00000001400022e0 f i LIBCMTD:exe_main.obj
 0001:00001300       ?set_commode@__scrt_file_policy@@SAXXZ 0000000140002300 f i LIBCMTD:exe_main.obj
 0001:00001320       ?set_fmode@__scrt_file_policy@@SAXXZ 0000000140002320 f i LIBCMTD:exe_main.obj
 0001:00001340       mainCRTStartup             0000000140002340 f   LIBCMTD:exe_main.obj
 0001:00001360       __raise_securityfailure    0000000140002360 f   LIBCMTD:gs_report.obj
 0001:000013a0       __report_gsfailure         00000001400023a0 f   LIBCMTD:gs_report.obj
 0001:00001480       __report_rangecheckfailure 0000000140002480 f   LIBCMTD:gs_report.obj
 0001:000014a0       __report_securityfailure   00000001400024a0 f   LIBCMTD:gs_report.obj
 0001:00001800       NtCurrentTeb               0000000140002800 f i LIBCMTD:utility.obj
 0001:00001810       __scrt_acquire_startup_lock 0000000140002810 f   LIBCMTD:utility.obj
 0001:00001880       __scrt_initialize_crt      0000000140002880 f   LIBCMTD:utility.obj
 0001:000018d0       __scrt_initialize_onexit_tables 00000001400028d0 f   LIBCMTD:utility.obj
 0001:000019e0       __scrt_is_nonwritable_in_current_image 00000001400029e0 f   LIBCMTD:utility.obj
 0001:00001a70       __scrt_release_startup_lock 0000000140002a70 f   LIBCMTD:utility.obj
 0001:00001aa0       __scrt_uninitialize_crt    0000000140002aa0 f   LIBCMTD:utility.obj
 0001:00001ae0       _onexit                    0000000140002ae0 f   LIBCMTD:utility.obj
 0001:00001b60       atexit                     0000000140002b60 f   LIBCMTD:utility.obj
 0001:00001c60       __security_init_cookie     0000000140002c60 f   LIBCMTD:gs_support.obj
 0001:00001ce0       _matherr                   0000000140002ce0 f   LIBCMTD:matherr.obj
 0001:00001ce0       ?get_current_state_index@__crt_state_management@@YA_KAEBV__crt_scoped_get_last_error_reset@@@Z 0000000140002ce0 f   libucrtd:per_thread_data.obj
 0001:00001cf0       _get_startup_argv_mode     0000000140002cf0 f   LIBCMTD:argv_mode.obj
 0001:00001d00       __scrt_stub_for_initialize_mta 0000000140002d00 f   LIBCMTD:utility_desktop.obj
 0001:00001d00       ?get_current_state_index@__crt_state_management@@YA_KXZ 0000000140002d00 f   libucrtd:matherr.obj
 0001:00001d00       _get_startup_thread_locale_mode 0000000140002d00 f   LIBCMTD:thread_locale.obj
 0001:00001d00       __scrt_exe_initialize_mta  0000000140002d00 f   LIBCMTD:utility_desktop.obj
 0001:00001d00       __scrt_initialize_winrt    0000000140002d00 f   LIBCMTD:utility_desktop.obj
 0001:00001d00       ?get_invalid_value@__crt_hmodule_traits@@SAPEAUHINSTANCE__@@XZ 0000000140002d00 f   libucrtd:exit.obj
 0001:00001d00       _get_startup_commit_mode   0000000140002d00 f   LIBCMTD:commit_mode.obj
 0001:00001d00       _get_startup_new_mode      0000000140002d00 f   LIBCMTD:new_mode.obj
 0001:00001d10       _get_startup_file_mode     0000000140002d10 f   LIBCMTD:file_mode.obj
 0001:00001d20       ?__scrt_initialize_type_info@@YAXXZ 0000000140002d20 f   LIBCMTD:tncleanup.obj
 0001:00001d40       _should_initialize_environment 0000000140002d40 f   LIBCMTD:env_mode.obj
 0001:00001d50       _initialize_denormal_control 0000000140002d50 f   LIBCMTD:denormal_control.obj
 0001:00001d50       _initialize_invalid_parameter_handler 0000000140002d50 f   LIBCMTD:invalid_parameter_handler.obj
 0001:00001d60       __local_stdio_scanf_options 0000000140002d60 f i LIBCMTD:default_local_stdio_options.obj
 0001:00001d70       __scrt_initialize_default_local_stdio_options 0000000140002d70 f   LIBCMTD:default_local_stdio_options.obj
 0001:00001dc0       __scrt_is_user_matherr_present 0000000140002dc0 f   LIBCMTD:matherr_detection.obj
 0001:00001df0       __scrt_get_dyn_tls_init_callback 0000000140002df0 f   LIBCMTD:dyn_tls_init.obj
 0001:00001e00       __scrt_get_dyn_tls_dtor_callback 0000000140002e00 f   LIBCMTD:dyn_tls_dtor.obj
 0001:00001e10       __crt_debugger_hook        0000000140002e10 f   LIBCMTD:utility_desktop.obj
 0001:00001e20       __scrt_fastfail            0000000140002e20 f   LIBCMTD:utility_desktop.obj
 0001:00001fc0       __scrt_initialize_mta      0000000140002fc0 f   LIBCMTD:utility_desktop.obj
 0001:00001fd0       __scrt_is_managed_app      0000000140002fd0 f   LIBCMTD:utility_desktop.obj
 0001:00002080       __scrt_set_unhandled_exception_filter 0000000140003080 f   LIBCMTD:utility_desktop.obj
 0001:000020a0       __scrt_unhandled_exception_filter 00000001400030a0 f   LIBCMTD:utility_desktop.obj
 0001:00002140       _RTC_Initialize            0000000140003140 f   LIBCMTD:initsect.obj
 0001:00002190       _RTC_Terminate             0000000140003190 f   LIBCMTD:initsect.obj
 0001:000021e0       ??1scoped_global_state_reset@__crt_state_management@@QEAA@XZ 00000001400031e0 f i libucrtd:onexit.obj
 0001:000021e0       _guard_check_icall_nop     00000001400031e0 f i LIBCMTD:guard_support.obj
 0001:000021e0       ??1?$__crt_simd_cleanup_guard@$0A@@@QEAA@XZ 00000001400031e0 f i libucrtd:strnlen.obj
 0001:000021f0       ReadNoFence64              00000001400031f0 f i LIBCMTD:guard_support.obj
 0001:00002210       ReadPointerNoFence         0000000140003210 f i LIBCMTD:guard_support.obj
 0001:00002230       _guard_icall_checks_enforced 0000000140003230 f i LIBCMTD:guard_support.obj
 0001:00002270       __isa_available_init       0000000140003270 f   LIBCMTD:cpu_disp.obj
 0001:00002610       __scrt_is_ucrt_dll_in_use  0000000140003610 f   LIBCMTD:ucrt_detection.obj
 0001:00002640       __C_specific_handler       0000000140003640 f   libvcruntimed:riscchandler.obj
 0001:00002ab0       __vcrt_initialize          0000000140003ab0 f   libvcruntimed:initialization.obj
 0001:00002af0       __vcrt_uninitialize        0000000140003af0 f   libvcruntimed:initialization.obj
 0001:00002b10       ??$?RP6AXXZ@__crt_internal_free_policy@@QEBAXQEBQ6AXXZ@Z 0000000140003b10 f i libucrtd:onexit.obj
 0001:00002b10       ??$?RPEAU__crt_stdio_stream_data@@@__crt_internal_free_policy@@QEBAXQEBQEAU__crt_stdio_stream_data@@@Z 0000000140003b10 f i libucrtd:_file.obj
 0001:00002b10       ??$?RU__crt_lowio_handle_data@@@__crt_internal_free_policy@@QEBAXQEBU__crt_lowio_handle_data@@@Z 0000000140003b10 f i libucrtd:osfinfo.obj
 0001:00002b10       ??$?RU__crt_multibyte_data@@@__crt_internal_free_policy@@QEBAXQEBU__crt_multibyte_data@@@Z 0000000140003b10 f i libucrtd:wsetlocale.obj
 0001:00002b10       ??$?RU__acrt_ptd@@@__crt_internal_free_policy@@QEBAXQEBU__acrt_ptd@@@Z 0000000140003b10 f i libucrtd:per_thread_data.obj
 0001:00002b10       ??$?RPEAD@__crt_internal_free_policy@@QEBAXQEBQEAD@Z 0000000140003b10 f i libucrtd:argv_parsing.obj
 0001:00002b10       ??$?RU__vcrt_ptd@@@__crt_internal_free_policy@@QEBAXQEBU__vcrt_ptd@@@Z 0000000140003b10 f i libvcruntimed:per_thread_data.obj
 0001:00002b10       ??$?RD@__crt_internal_free_policy@@QEBAXQEBD@Z 0000000140003b10 f i libvcruntimed:std_type_info.obj
 0001:00002b10       ??$?RE@__crt_internal_free_policy@@QEBAXQEBE@Z 0000000140003b10 f i libucrtd:argv_parsing.obj
 0001:00002b40       ??0?$__crt_unique_handle_t@U__crt_findfile_traits@@@@QEAA@QEAX@Z 0000000140003b40 f i libucrtd:argv_wildcards.obj
 0001:00002b40       ??0?$__crt_unique_heap_ptr@P6AXXZU__crt_internal_free_policy@@@@QEAA@QEAP6AXXZ@Z 0000000140003b40 f i libucrtd:onexit.obj
 0001:00002b40       ??0?$__crt_unique_heap_ptr@U__vcrt_ptd@@U__crt_internal_free_policy@@@@QEAA@QEAU__vcrt_ptd@@@Z 0000000140003b40 f i libvcruntimed:per_thread_data.obj
 0001:00002b40       ??0?$__crt_unique_heap_ptr@U__crt_lowio_handle_data@@U__crt_internal_free_policy@@@@QEAA@QEAU__crt_lowio_handle_data@@@Z 0000000140003b40 f i libucrtd:osfinfo.obj
 0001:00002b40       ??0?$string_output_adapter@_W@__crt_stdio_output@@QEAA@QEAU?$string_output_adapter_context@_W@1@@Z 0000000140003b40 f i libucrtd:output.obj
 0001:00002b40       ??0?$string_output_adapter@D@__crt_stdio_output@@QEAA@QEAU?$string_output_adapter_context@D@1@@Z 0000000140003b40 f i libucrtd:output.obj
 0001:00002b40       ??0?$__crt_scoped_stack_ptr_tag@_W@@QEAA@QEA_W@Z 0000000140003b40 f i libucrtd:getstringtypea.obj
 0001:00002b40       ??0?$__crt_unique_heap_ptr@DU__crt_public_free_policy@@@@QEAA@QEAD@Z 0000000140003b40 f i libvcruntimed:std_exception.obj
 0001:00002b40       ??0?$__crt_unique_heap_ptr@U__acrt_ptd@@U__crt_internal_free_policy@@@@QEAA@QEAU__acrt_ptd@@@Z 0000000140003b40 f i libucrtd:per_thread_data.obj
 0001:00002b40       ??0?$__crt_unique_heap_ptr@PEAU__crt_stdio_stream_data@@U__crt_internal_free_policy@@@@QEAA@QEAPEAU__crt_stdio_stream_data@@@Z 0000000140003b40 f i libucrtd:_file.obj
 0001:00002b40       ??0?$__crt_unique_heap_ptr@PEADU__crt_internal_free_policy@@@@QEAA@QEAPEAD@Z 0000000140003b40 f i libucrtd:argv_parsing.obj
 0001:00002b40       ??0?$__crt_scoped_stack_ptr@_W@@QEAA@U?$__crt_scoped_stack_ptr_tag@_W@@@Z 0000000140003b40 f i libucrtd:getstringtypea.obj
 0001:00002b40       ??0?$__crt_unique_heap_ptr@U__crt_multibyte_data@@U__crt_internal_free_policy@@@@QEAA@QEAU__crt_multibyte_data@@@Z 0000000140003b40 f i libucrtd:wsetlocale.obj
 0001:00002b40       ??0__crt_stdio_stream@@QEAA@QEAU_iobuf@@@Z 0000000140003b40 f i libucrtd:_file.obj
 0001:00002b40       ??0?$__crt_unique_handle_t@U__crt_hmodule_traits@@@@QEAA@QEAUHINSTANCE__@@@Z 0000000140003b40 f i libucrtd:exit.obj
 0001:00002b40       ??0?$__crt_unique_heap_ptr@EU__crt_internal_free_policy@@@@QEAA@QEAE@Z 0000000140003b40 f i libucrtd:argv_parsing.obj
 0001:00002b40       ??0__crt_stdio_stream@@QEAA@QEAU__crt_stdio_stream_data@@@Z 0000000140003b40 f i libucrtd:closeall.obj
 0001:00002b40       ??0?$__crt_unique_heap_ptr@DU__crt_internal_free_policy@@@@QEAA@QEAD@Z 0000000140003b40 f i libvcruntimed:std_type_info.obj
 0001:00002b60       ??1?$__crt_unique_heap_ptr@P6AXXZU__crt_internal_free_policy@@@@QEAA@XZ 0000000140003b60 f i libucrtd:onexit.obj
 0001:00002b60       ??1?$__crt_unique_heap_ptr@PEADU__crt_internal_free_policy@@@@QEAA@XZ 0000000140003b60 f i libucrtd:argv_parsing.obj
 0001:00002b60       ??1?$__crt_unique_heap_ptr@U__acrt_ptd@@U__crt_internal_free_policy@@@@QEAA@XZ 0000000140003b60 f i libucrtd:per_thread_data.obj
 0001:00002b60       ??1?$__crt_unique_heap_ptr@U__vcrt_ptd@@U__crt_internal_free_policy@@@@QEAA@XZ 0000000140003b60 f i libvcruntimed:per_thread_data.obj
 0001:00002b60       ??1?$__crt_unique_heap_ptr@U__crt_lowio_handle_data@@U__crt_internal_free_policy@@@@QEAA@XZ 0000000140003b60 f i libucrtd:osfinfo.obj
 0001:00002b60       ??1?$__crt_unique_heap_ptr@EU__crt_internal_free_policy@@@@QEAA@XZ 0000000140003b60 f i libucrtd:argv_parsing.obj
 0001:00002b60       ??1?$__crt_unique_heap_ptr@U__crt_multibyte_data@@U__crt_internal_free_policy@@@@QEAA@XZ 0000000140003b60 f i libucrtd:wsetlocale.obj
 0001:00002b60       ??1?$__crt_unique_heap_ptr@PEAU__crt_stdio_stream_data@@U__crt_internal_free_policy@@@@QEAA@XZ 0000000140003b60 f i libucrtd:_file.obj
 0001:00002b60       ??1?$__crt_unique_heap_ptr@DU__crt_internal_free_policy@@@@QEAA@XZ 0000000140003b60 f i libvcruntimed:std_type_info.obj
 0001:00002b80       ??B?$__crt_unique_heap_ptr@U__crt_multibyte_data@@U__crt_internal_free_policy@@@@QEBA_NXZ 0000000140003b80 f i libucrtd:wsetlocale.obj
 0001:00002b80       ??B?$__crt_unique_heap_ptr@U__acrt_ptd@@U__crt_internal_free_policy@@@@QEBA_NXZ 0000000140003b80 f i libucrtd:per_thread_data.obj
 0001:00002b80       ??B?$__crt_unique_heap_ptr@DU__crt_public_free_policy@@@@QEBA_NXZ 0000000140003b80 f i libvcruntimed:std_exception.obj
 0001:00002b80       ??B?$__crt_unique_heap_ptr@DU__crt_internal_free_policy@@@@QEBA_NXZ 0000000140003b80 f i libvcruntimed:std_type_info.obj
 0001:00002b80       ??B?$__crt_unique_heap_ptr@U__vcrt_ptd@@U__crt_internal_free_policy@@@@QEBA_NXZ 0000000140003b80 f i libvcruntimed:per_thread_data.obj
 0001:00002b80       ??B?$__crt_unique_heap_ptr@U__crt_lowio_handle_data@@U__crt_internal_free_policy@@@@QEBA_NXZ 0000000140003b80 f i libucrtd:osfinfo.obj
 0001:00002b80       ??B?$__crt_unique_heap_ptr@EU__crt_internal_free_policy@@@@QEBA_NXZ 0000000140003b80 f i libucrtd:argv_parsing.obj
 0001:00002ba0       ?__crt_interlocked_read_64@@YA_JPED_J@Z 0000000140003ba0 f i libvcruntimed:std_type_info.obj
 0001:00002bc0       ?public_stream@__crt_stdio_stream@@QEBAPEAU_iobuf@@XZ 0000000140003bc0 f i libucrtd:output.obj
 0001:00002bc0       ?get@?$__crt_unique_handle_t@U__crt_hmodule_traits@@@@QEBAPEAUHINSTANCE__@@XZ 0000000140003bc0 f i libucrtd:exit.obj
 0001:00002bc0       ?get@?$__crt_unique_heap_ptr@PEADU__crt_internal_free_policy@@@@QEBAPEAPEADXZ 0000000140003bc0 f i libucrtd:argv_parsing.obj
 0001:00002bc0       ?get@?$__crt_unique_heap_ptr@U__crt_lowio_handle_data@@U__crt_internal_free_policy@@@@QEBAPEAU__crt_lowio_handle_data@@XZ 0000000140003bc0 f i libucrtd:osfinfo.obj
 0001:00002bc0       ?get@?$__crt_unique_heap_ptr@U__crt_multibyte_data@@U__crt_internal_free_policy@@@@QEBAPEAU__crt_multibyte_data@@XZ 0000000140003bc0 f i libucrtd:wsetlocale.obj
 0001:00002bc0       ?get@?$__crt_unique_heap_ptr@U__vcrt_ptd@@U__crt_internal_free_policy@@@@QEBAPEAU__vcrt_ptd@@XZ 0000000140003bc0 f i libvcruntimed:per_thread_data.obj
 0001:00002bc0       ?get@?$__crt_unique_heap_ptr@EU__crt_internal_free_policy@@@@QEBAPEAEXZ 0000000140003bc0 f i libucrtd:argv_parsing.obj
 0001:00002bc0       ?save_state@?$c_string_character_source@_W@__crt_strtox@@QEBAPEB_WXZ 0000000140003bc0 f i libucrtd:atox.obj
 0001:00002bc0       ??C__crt_stdio_stream@@QEBAPEAU__crt_stdio_stream_data@@XZ 0000000140003bc0 f i libucrtd:_file.obj
 0001:00002bc0       ?get@?$__crt_unique_handle_t@U__crt_findfile_traits@@@@QEBAPEAXXZ 0000000140003bc0 f i libucrtd:argv_wildcards.obj
 0001:00002bc0       ?get@?$__crt_unique_heap_ptr@DU__crt_public_free_policy@@@@QEBAPEADXZ 0000000140003bc0 f i libvcruntimed:std_exception.obj
 0001:00002bc0       ?save_state@?$c_string_character_source@D@__crt_strtox@@QEBAPEBDXZ 0000000140003bc0 f i libucrtd:atox.obj
 0001:00002bc0       ?get@?$__crt_unique_heap_ptr@DU__crt_internal_free_policy@@@@QEBAPEADXZ 0000000140003bc0 f i libvcruntimed:std_type_info.obj
 0001:00002bc0       ?get@?$__crt_scoped_stack_ptr@_W@@QEBAPEA_WXZ 0000000140003bc0 f i libucrtd:getstringtypea.obj
 0001:00002bc0       ?get@?$__crt_unique_heap_ptr@U__acrt_ptd@@U__crt_internal_free_policy@@@@QEBAPEAU__acrt_ptd@@XZ 0000000140003bc0 f i libucrtd:per_thread_data.obj
 0001:00002bd0       ?is_valid@?$__crt_unique_heap_ptr@U__crt_lowio_handle_data@@U__crt_internal_free_policy@@@@QEBA_NXZ 0000000140003bd0 f i libucrtd:osfinfo.obj
 0001:00002bd0       ?is_valid@?$__crt_unique_heap_ptr@DU__crt_public_free_policy@@@@QEBA_NXZ 0000000140003bd0 f i libvcruntimed:std_exception.obj
 0001:00002bd0       ?is_valid@?$__crt_unique_heap_ptr@U__crt_multibyte_data@@U__crt_internal_free_policy@@@@QEBA_NXZ 0000000140003bd0 f i libucrtd:wsetlocale.obj
 0001:00002bd0       ?is_valid@?$__crt_unique_heap_ptr@U__acrt_ptd@@U__crt_internal_free_policy@@@@QEBA_NXZ 0000000140003bd0 f i libucrtd:per_thread_data.obj
 0001:00002bd0       ?valid@__crt_stdio_stream@@QEBA_NXZ 0000000140003bd0 f i libucrtd:output.obj
 0001:00002bd0       ?is_valid@?$__crt_unique_heap_ptr@U__vcrt_ptd@@U__crt_internal_free_policy@@@@QEBA_NXZ 0000000140003bd0 f i libvcruntimed:per_thread_data.obj
 0001:00002bd0       ??B?$__crt_scoped_stack_ptr@_W@@QEBA_NXZ 0000000140003bd0 f i libucrtd:lcmapstringa.obj
 0001:00002bd0       ?is_valid@?$__crt_unique_heap_ptr@EU__crt_internal_free_policy@@@@QEBA_NXZ 0000000140003bd0 f i libucrtd:argv_parsing.obj
 0001:00002bd0       ?is_valid@?$__crt_unique_heap_ptr@DU__crt_internal_free_policy@@@@QEBA_NXZ 0000000140003bd0 f i libvcruntimed:std_type_info.obj
 0001:00002c00       ?release@?$__crt_unique_heap_ptr@DU__crt_internal_free_policy@@@@QEAAXXZ 0000000140003c00 f i libvcruntimed:std_type_info.obj
 0001:00002c00       ?release@?$__crt_unique_heap_ptr@U__acrt_ptd@@U__crt_internal_free_policy@@@@QEAAXXZ 0000000140003c00 f i libucrtd:per_thread_data.obj
 0001:00002c00       ?release@?$__crt_unique_heap_ptr@PEADU__crt_internal_free_policy@@@@QEAAXXZ 0000000140003c00 f i libucrtd:argv_parsing.obj
 0001:00002c00       ?release@?$__crt_unique_heap_ptr@U__crt_multibyte_data@@U__crt_internal_free_policy@@@@QEAAXXZ 0000000140003c00 f i libucrtd:wsetlocale.obj
 0001:00002c00       ?release@?$__crt_unique_heap_ptr@EU__crt_internal_free_policy@@@@QEAAXXZ 0000000140003c00 f i libucrtd:argv_parsing.obj
 0001:00002c00       ?release@?$__crt_unique_heap_ptr@P6AXXZU__crt_internal_free_policy@@@@QEAAXXZ 0000000140003c00 f i libucrtd:onexit.obj
 0001:00002c00       ?release@?$__crt_unique_heap_ptr@U__crt_lowio_handle_data@@U__crt_internal_free_policy@@@@QEAAXXZ 0000000140003c00 f i libucrtd:osfinfo.obj
 0001:00002c00       ?release@?$__crt_unique_heap_ptr@PEAU__crt_stdio_stream_data@@U__crt_internal_free_policy@@@@QEAAXXZ 0000000140003c00 f i libucrtd:_file.obj
 0001:00002c00       ?release@?$__crt_unique_heap_ptr@U__vcrt_ptd@@U__crt_internal_free_policy@@@@QEAAXXZ 0000000140003c00 f i libvcruntimed:per_thread_data.obj
 0001:00002c30       __std_type_info_compare    0000000140003c30 f   libvcruntimed:std_type_info.obj
 0001:00002c70       __DestructExceptionObject  0000000140003c70 f   libvcruntimed:ehhelpers.obj
 0001:00002d70       ?_CallMemberFunction0@@YAXQEAX0@Z 0000000140003d70 f i libvcruntimed:ehhelpers.obj
 0001:00002e40       _IsExceptionObjectToBeDestroyed 0000000140003e40 f   libvcruntimed:ehhelpers.obj
 0001:00002e90       __AdjustPointer            0000000140003e90 f   libvcruntimed:ehhelpers.obj
 0001:00002f10       __FrameUnwindFilter        0000000140003f10 f   libvcruntimed:ehhelpers.obj
 0001:00002fc0       __current_exception        0000000140003fc0 f   libvcruntimed:ehhelpers.obj
 0001:00002fe0       __current_exception_context 0000000140003fe0 f   libvcruntimed:ehhelpers.obj
 0001:00003010       _NLG_Notify                0000000140004010 f   libvcruntimed:notify.obj
 0001:00003030       __NLG_Dispatch2            0000000140004030 f   libvcruntimed:notify.obj
 0001:00003040       __NLG_Return2              0000000140004040 f   libvcruntimed:notify.obj
 0001:00003050       __except_validate_context_record 0000000140004050 f   libvcruntimed:jbcxrval.obj
 0001:000030f0       ?detach@?$__crt_unique_heap_ptr@PEAU__crt_stdio_stream_data@@U__crt_internal_free_policy@@@@QEAAPEAPEAU__crt_stdio_stream_data@@XZ 00000001400040f0 f i libucrtd:_file.obj
 0001:000030f0       ?detach@?$__crt_unique_heap_ptr@U__acrt_ptd@@U__crt_internal_free_policy@@@@QEAAPEAU__acrt_ptd@@XZ 00000001400040f0 f i libucrtd:per_thread_data.obj
 0001:000030f0       ?detach@?$__crt_unique_heap_ptr@P6AXXZU__crt_internal_free_policy@@@@QEAAPEAP6AXXZXZ 00000001400040f0 f i libucrtd:onexit.obj
 0001:000030f0       ?detach@?$__crt_unique_heap_ptr@DU__crt_public_free_policy@@@@QEAAPEADXZ 00000001400040f0 f i libvcruntimed:std_exception.obj
 0001:000030f0       ?detach@?$__crt_unique_heap_ptr@U__vcrt_ptd@@U__crt_internal_free_policy@@@@QEAAPEAU__vcrt_ptd@@XZ 00000001400040f0 f i libvcruntimed:per_thread_data.obj
 0001:000030f0       ?detach@?$__crt_unique_heap_ptr@U__crt_multibyte_data@@U__crt_internal_free_policy@@@@QEAAPEAU__crt_multibyte_data@@XZ 00000001400040f0 f i libucrtd:wsetlocale.obj
 0001:000030f0       ?detach@?$__crt_unique_heap_ptr@PEADU__crt_internal_free_policy@@@@QEAAPEAPEADXZ 00000001400040f0 f i libucrtd:argv_parsing.obj
 0001:000030f0       ?detach@?$__crt_unique_heap_ptr@U__crt_lowio_handle_data@@U__crt_internal_free_policy@@@@QEAAPEAU__crt_lowio_handle_data@@XZ 00000001400040f0 f i libucrtd:osfinfo.obj
 0001:000030f0       ?detach@?$__crt_unique_heap_ptr@EU__crt_internal_free_policy@@@@QEAAPEAEXZ 00000001400040f0 f i libucrtd:argv_parsing.obj
 0001:00003160       __vcrt_freefls             0000000140004160 f   libvcruntimed:per_thread_data.obj
 0001:000031a0       __vcrt_getptd              00000001400041a0 f   libvcruntimed:per_thread_data.obj
 0001:000031d0       __vcrt_getptd_noexit       00000001400041d0 f   libvcruntimed:per_thread_data.obj
 0001:00003370       __vcrt_initialize_ptd      0000000140004370 f   libvcruntimed:per_thread_data.obj
 0001:000033c0       __vcrt_uninitialize_ptd    00000001400043c0 f   libvcruntimed:per_thread_data.obj
 0001:000033f0       __vcrt_initialize_locks    00000001400043f0 f   libvcruntimed:locks.obj
 0001:00003460       __vcrt_uninitialize_locks  0000000140004460 f   libvcruntimed:locks.obj
 0001:000034c0       sprintf_s                  00000001400044c0 f i libvcruntimed:undname.obj
 0001:00003520       ??$__crt_interlocked_exchange_pointer@UHINSTANCE__@@PEAU1@@@YAPEAUHINSTANCE__@@PEDSEAU0@QEAU0@@Z 0000000140004520 f i libvcruntimed:winapi_downlevel.obj
 0001:00003520       ??$__crt_interlocked_exchange_pointer@UHINSTANCE__@@PEAX@@YAPEAUHINSTANCE__@@PEDSEAU0@QEAX@Z 0000000140004520 f i libvcruntimed:winapi_downlevel.obj
 0001:00003520       ??$__crt_interlocked_exchange_pointer@XPEAX@@YAPEAXPEDSEAXQEAX@Z 0000000140004520 f i libvcruntimed:winapi_downlevel.obj
 0001:00003540       ??$__crt_interlocked_read_pointer@UHINSTANCE__@@@@YAPEAUHINSTANCE__@@PEDSEAU0@@Z 0000000140004540 f i libvcruntimed:winapi_downlevel.obj
 0001:00003540       ??$__crt_interlocked_read_pointer@X@@YAPEAXPEDSEAX@Z 0000000140004540 f i libvcruntimed:winapi_downlevel.obj
 0001:00003560       ?get_invalid_value@__crt_findfile_traits@@SAPEAXXZ 0000000140004560 f   libucrtd:argv_wildcards.obj
 0001:00003a50       __vcrt_FlsAlloc            0000000140004a50 f   libvcruntimed:winapi_downlevel.obj
 0001:00003aa0       __vcrt_FlsFree             0000000140004aa0 f   libvcruntimed:winapi_downlevel.obj
 0001:00003af0       __vcrt_FlsGetValue         0000000140004af0 f   libvcruntimed:winapi_downlevel.obj
 0001:00003b40       __vcrt_FlsSetValue         0000000140004b40 f   libvcruntimed:winapi_downlevel.obj
 0001:00003ba0       __vcrt_InitializeCriticalSectionEx 0000000140004ba0 f   libvcruntimed:winapi_downlevel.obj
 0001:00003c20       memcpy_repmovs             0000000140004c20 f   libvcruntimed:memcpy.obj
 0001:00003c40       memcpy                     0000000140004c40 f   libvcruntimed:memcpy.obj
 0001:00003c40       memmove                    0000000140004c40 f   libvcruntimed:memcpy.obj
 0001:000042c0       ??$?0AEAViterator@TryBlockMap@__FrameHandler3@@AEAV012@$0A@@?$pair@Viterator@TryBlockMap@__FrameHandler3@@V123@@std@@QEAA@AEAViterator@TryBlockMap@__FrameHandler3@@0@Z 00000001400052c0 f i libvcruntimed:risctrnsctrl.obj
 0001:000043d0       ??$_CallSETranslator@V__FrameHandler3@@@@YAHPEAUEHExceptionRecord@@PEA_KPEAU_CONTEXT@@PEAU_xDISPATCHER_CONTEXT@@PEBU_s_FuncInfo@@K1H@Z 00000001400053d0 f i libvcruntimed:risctrnsctrl.obj
 0001:00004460       ?dangerous_get_state_array@?$dual_state_global@PEAU__crt_multibyte_data@@@__crt_state_management@@QEAAPEAPEAU__crt_multibyte_data@@XZ 0000000140005460 f i libucrtd:mbctype.obj
 0001:00004460       ?debug_info@?$__crt_win32_buffer@DU__crt_win32_buffer_internal_dynamic_resizing@@@@QEBAAEBV__crt_win32_buffer_empty_debug_info@@XZ 0000000140005460 f i libucrtd:argv_wildcards.obj
 0001:00004460       ?dangerous_get_state_array@?$dual_state_global@H@__crt_state_management@@QEAAPEAHXZ 0000000140005460 f i libucrtd:txtmode.obj
 0001:00004460       ?get_address_of@?$__crt_unique_heap_ptr@PEADU__crt_internal_free_policy@@@@QEAAPEAPEAPEADXZ 0000000140005460 f i libucrtd:argv_parsing.obj
 0001:00004460       ?dangerous_get_state_array@?$dual_state_global@PEAU__crt_locale_data@@@__crt_state_management@@QEAAPEAPEAU__crt_locale_data@@XZ 0000000140005460 f i libucrtd:per_thread_data.obj
 0001:00004460       ??$forward@AEAViterator@TryBlockMap@__FrameHandler3@@@std@@YAAEAViterator@TryBlockMap@__FrameHandler3@@AEAV123@@Z 0000000140005460 f i libvcruntimed:risctrnsctrl.obj
 0001:00004460       ?dangerous_get_state_array@?$dual_state_global@P6AXPEB_W00I_K@Z@__crt_state_management@@QEAAPEAP6AXPEB_W00I_K@ZXZ 0000000140005460 f i libucrtd:invalid_parameter.obj
 0001:00004460       ?get_address_of@?$__crt_unique_handle_t@U__crt_hmodule_traits@@@@QEAAPEAPEAUHINSTANCE__@@XZ 0000000140005460 f i libucrtd:exit.obj
 0001:00004460       ?dangerous_get_state_array@?$dual_state_global@PEAE@__crt_state_management@@QEAAPEAPEAEXZ 0000000140005460 f i libucrtd:mbctype.obj
 0001:00004460       ?debug_info@?$__crt_win32_buffer@_WU__crt_win32_buffer_internal_dynamic_resizing@@@@QEBAAEBV__crt_win32_buffer_empty_debug_info@@XZ 0000000140005460 f i libucrtd:argv_wildcards.obj
 0001:00004460       ?debug_info@?$__crt_win32_buffer@DU__crt_win32_buffer_no_resizing@@@@QEBAAEBV__crt_win32_buffer_empty_debug_info@@XZ 0000000140005460 f i libucrtd:getmodulefilenamea.obj
 0001:00004470       ??0iterator@HandlerMap@__FrameHandler3@@QEAA@AEAV12@I@Z 0000000140005470 f i libvcruntimed:frame.obj
 0001:00004470       ??0iterator@TryBlockMap@__FrameHandler3@@QEAA@AEAV12@I@Z 0000000140005470 f i libvcruntimed:risctrnsctrl.obj
 0001:000044a0       ?CatchTryBlock@__FrameHandler3@@SAPEBU_s_TryBlockMapEntry@@PEBU_s_FuncInfo@@H@Z 00000001400054a0 f   libvcruntimed:risctrnsctrl.obj
 0001:00004530       ?ExecutionInCatch@__FrameHandler3@@SA_NPEAU_xDISPATCHER_CONTEXT@@PEBU_s_FuncInfo@@@Z 0000000140005530 f   libvcruntimed:risctrnsctrl.obj
 0001:00004580       ?FrameUnwindToEmptyState@__FrameHandler3@@SAXPEA_KPEAU_xDISPATCHER_CONTEXT@@PEBU_s_FuncInfo@@@Z 0000000140005580 f   libvcruntimed:risctrnsctrl.obj
 0001:00004620       ?GetEstablisherFrame@__FrameHandler3@@SAPEA_KPEA_KPEAU_xDISPATCHER_CONTEXT@@PEBU_s_FuncInfo@@0@Z 0000000140005620 f   libvcruntimed:risctrnsctrl.obj
 0001:00004790       ?GetRangeOfTrysToCheck@__FrameHandler3@@SA?AU?$pair@Viterator@TryBlockMap@__FrameHandler3@@V123@@std@@AEAVTryBlockMap@1@HPEAU_xDISPATCHER_CONTEXT@@PEBU_s_FuncInfo@@H@Z 0000000140005790 f   libvcruntimed:risctrnsctrl.obj
 0001:000049d0       ?UnwindNestedFrames@__FrameHandler3@@SAXPEA_KPEAUEHExceptionRecord@@PEAU_CONTEXT@@0PEAXPEBU_s_FuncInfo@@HHPEBU_s_HandlerType@@PEAU_xDISPATCHER_CONTEXT@@E@Z 00000001400059d0 f   libvcruntimed:risctrnsctrl.obj
 0001:00004b40       _CreateFrameInfo           0000000140005b40 f   libvcruntimed:risctrnsctrl.obj
 0001:00004bb0       _FindAndUnlinkFrame        0000000140005bb0 f   libvcruntimed:risctrnsctrl.obj
 0001:00004c30       _GetImageBase              0000000140005c30 f   libvcruntimed:risctrnsctrl.obj
 0001:00004c50       _GetThrowImageBase         0000000140005c50 f   libvcruntimed:risctrnsctrl.obj
 0001:00004c70       _SetImageBase              0000000140005c70 f   libvcruntimed:risctrnsctrl.obj
 0001:00004c90       _SetThrowImageBase         0000000140005c90 f   libvcruntimed:risctrnsctrl.obj
 0001:00004cb0       __CxxFrameHandler3         0000000140005cb0 f   libvcruntimed:risctrnsctrl.obj
 0001:00004d90       ?GetCurrentState@__FrameHandler3@@SAHPEA_KPEAU_xDISPATCHER_CONTEXT@@PEBU_s_FuncInfo@@@Z 0000000140005d90 f   libvcruntimed:ehstate.obj
 0001:00004df0       ?GetUnwindTryBlock@__FrameHandler3@@SAHPEA_KPEAU_xDISPATCHER_CONTEXT@@PEBU_s_FuncInfo@@@Z 0000000140005df0 f   libvcruntimed:ehstate.obj
 0001:00004e40       ?SetState@__FrameHandler3@@SAXPEA_KPEBU_s_FuncInfo@@H@Z 0000000140005e40 f   libvcruntimed:ehstate.obj
 0001:00004e70       ?SetUnwindTryBlock@__FrameHandler3@@SAXPEA_KPEAU_xDISPATCHER_CONTEXT@@PEBU_s_FuncInfo@@H@Z 0000000140005e70 f   libvcruntimed:ehstate.obj
 0001:00004ee0       ?StateFromControlPc@__FrameHandler3@@SAHPEBU_s_FuncInfo@@PEAU_xDISPATCHER_CONTEXT@@@Z 0000000140005ee0 f   libvcruntimed:ehstate.obj
 0001:00004f20       ?StateFromIp@__FrameHandler3@@SAHPEBU_s_FuncInfo@@PEAU_xDISPATCHER_CONTEXT@@_K@Z 0000000140005f20 f   libvcruntimed:ehstate.obj
 0001:00005010       ?__RVAtoRealOffset@@YA_KPEAU_xDISPATCHER_CONTEXT@@H@Z 0000000140006010 f i libvcruntimed:ehstate.obj
 0001:000061e0       ??$TypeMatchHelper@V__FrameHandler3@@@@YAHPEBU_s_HandlerType@@PEBU_s_CatchableType@@PEBU_s_ThrowInfo@@@Z 00000001400071e0 f i libvcruntimed:frame.obj
 0001:000063e0       ??$__InternalCxxFrameHandler@V__FrameHandler3@@@@YA?AW4_EXCEPTION_DISPOSITION@@PEAUEHExceptionRecord@@PEA_KPEAU_CONTEXT@@PEAU_xDISPATCHER_CONTEXT@@PEBU_s_FuncInfo@@H1E@Z 00000001400073e0 f i libvcruntimed:frame.obj
 0001:00006850       ??0HandlerMap@__FrameHandler3@@QEAA@PEBU_s_TryBlockMapEntry@@_KI@Z 0000000140007850 f i libvcruntimed:frame.obj
 0001:000068a0       ??0TryBlockMap@__FrameHandler3@@QEAA@PEBU_s_FuncInfo@@_K@Z 00000001400078a0 f i libvcruntimed:frame.obj
 0001:000068d0       ??0bad_exception@std@@QEAA@AEBV01@@Z 00000001400078d0 f i libvcruntimed:frame.obj
 0001:00006910       ??0bad_exception@std@@QEAA@XZ 0000000140007910 f i libvcruntimed:frame.obj
 0001:00006950       ??0exception@std@@QEAA@AEBV01@@Z 0000000140007950 f i libvcruntimed:frame.obj
 0001:000069b0       ??0exception@std@@QEAA@QEBDH@Z 00000001400079b0 f i libvcruntimed:frame.obj
 0001:00006a00       ??1bad_exception@std@@UEAA@XZ 0000000140007a00 f i libvcruntimed:frame.obj
 0001:00006a20       ??1exception@std@@UEAA@XZ  0000000140007a20 f i libvcruntimed:frame.obj
 0001:00006a50       ??8iterator@HandlerMap@__FrameHandler3@@QEBA_NAEBV012@@Z 0000000140007a50 f i libvcruntimed:frame.obj
 0001:00006a90       ??8type_info@@QEBA_NAEBV0@@Z 0000000140007a90 f i libvcruntimed:frame.obj
 0001:00006ae0       ??9iterator@HandlerMap@__FrameHandler3@@QEBA_NAEBV012@@Z 0000000140007ae0 f i libvcruntimed:frame.obj
 0001:00006b20       ??Diterator@HandlerMap@__FrameHandler3@@QEAA?BU_s_HandlerType@@XZ 0000000140007b20 f i libvcruntimed:frame.obj
 0001:00006b60       ??Diterator@TryBlockMap@__FrameHandler3@@QEAA?BU_s_TryBlockMapEntry@@XZ 0000000140007b60 f i libvcruntimed:frame.obj
 0001:00006bb0       ??Eiterator@TryBlockMap@__FrameHandler3@@QEAAAEAV012@XZ 0000000140007bb0 f i libvcruntimed:frame.obj
 0001:00006bb0       ??Eiterator@HandlerMap@__FrameHandler3@@QEAAAEAV012@XZ 0000000140007bb0 f i libvcruntimed:frame.obj
 0001:00006bd0       ??Miterator@TryBlockMap@__FrameHandler3@@QEBA_NAEBV012@@Z 0000000140007bd0 f i libvcruntimed:frame.obj
 0001:00006c10       ??_Ebad_exception@std@@UEAAPEAXI@Z 0000000140007c10 f i libvcruntimed:frame.obj
 0001:00006c10       ??_Gbad_exception@std@@UEAAPEAXI@Z 0000000140007c10 f i libvcruntimed:frame.obj
 0001:00006c50       ??_Gexception@std@@UEAAPEAXI@Z 0000000140007c50 f i libvcruntimed:frame.obj
 0001:00006c50       ??_Eexception@std@@UEAAPEAXI@Z 0000000140007c50 f i libvcruntimed:frame.obj
 0001:00006c90       ?BuildCatchObject@__FrameHandler3@@SAXPEAUEHExceptionRecord@@PEAXPEBU_s_HandlerType@@PEBU_s_CatchableType@@@Z 0000000140007c90 f   libvcruntimed:frame.obj
 0001:00006cd0       ?CxxCallCatchBlock@__FrameHandler3@@SAPEAXPEAU_EXCEPTION_RECORD@@@Z 0000000140007cd0 f   libvcruntimed:frame.obj
 0001:00007030       ?FrameUnwindToState@__FrameHandler3@@SAXPEA_KPEAU_xDISPATCHER_CONTEXT@@PEBU_s_FuncInfo@@H@Z 0000000140008030 f   libvcruntimed:frame.obj
 0001:00007280       ?GetHandlerSearchState@__FrameHandler3@@SAHPEA_KPEAU_xDISPATCHER_CONTEXT@@PEBU_s_FuncInfo@@@Z 0000000140008280 f i libvcruntimed:frame.obj
 0001:00007330       ?GetMaxState@__FrameHandler3@@SAHPEAU_xDISPATCHER_CONTEXT@@PEBU_s_FuncInfo@@@Z 0000000140008330 f i libvcruntimed:frame.obj
 0001:00007530       ?TypeMatch@__FrameHandler3@@SAHPEBU_s_HandlerType@@PEBU_s_CatchableType@@PEBU_s_ThrowInfo@@@Z 0000000140008530 f   libvcruntimed:frame.obj
 0001:00007530       __TypeMatch                0000000140008530 f   libvcruntimed:frame.obj
 0001:00007560       ?_CallMemberFunction1@@YAXQEAX00@Z 0000000140008560 f i libvcruntimed:frame.obj
 0001:000075a0       ?_CallMemberFunction2@@YAXQEAX00H@Z 00000001400085a0 f i libvcruntimed:frame.obj
 0001:00007630       ?begin@HandlerMap@__FrameHandler3@@QEAA?AViterator@12@XZ 0000000140008630 f i libvcruntimed:frame.obj
 0001:00007660       ?end@HandlerMap@__FrameHandler3@@QEAA?AViterator@12@XZ 0000000140008660 f i libvcruntimed:frame.obj
 0001:00007690       ?getESTypes@__FrameHandler3@@SAPEBU_s_ESTypeList@@PEBU_s_FuncInfo@@@Z 0000000140008690 f i libvcruntimed:frame.obj
 0001:000076d0       ?getLastEntry@HandlerMap@__FrameHandler3@@QEAAPEBU_s_HandlerType@@XZ 00000001400086d0 f i libvcruntimed:frame.obj
 0001:000076f0       ?getMagicNum@__FrameHandler3@@SAIPEBU_s_FuncInfo@@@Z 00000001400086f0 f i libvcruntimed:frame.obj
 0001:00007710       ?getNumTryBlocks@TryBlockMap@__FrameHandler3@@QEAAIXZ 0000000140008710 f i libvcruntimed:frame.obj
 0001:00007730       ?isEHs@__FrameHandler3@@SA_NPEBU_s_FuncInfo@@@Z 0000000140008730 f i libvcruntimed:frame.obj
 0001:00007770       ?isNoExcept@__FrameHandler3@@SA_NPEBU_s_FuncInfo@@@Z 0000000140008770 f i libvcruntimed:frame.obj
 0001:000077b0       ?what@exception@std@@UEBAPEBDXZ 00000001400087b0 f i libvcruntimed:frame.obj
 0001:000077f0       __vcrt_EncodePointer       00000001400087f0 f i libvcruntimed:frame.obj
 0001:00007820       memset_repmovs             0000000140008820 f   libvcruntimed:memset.obj
 0001:00007840       memset                     0000000140008840 f   libvcruntimed:memset.obj
 0001:000079e0       _CallSettingFrame          00000001400089e0 f   libvcruntimed:handlers.obj
 0001:00007a30       _CallSettingFrame_LookupContinuationIndex 0000000140008a30 f   libvcruntimed:handlers.obj
 0001:00007a60       _CallSettingFrame_NotifyContinuationAddr 0000000140008a60 f   libvcruntimed:handlers.obj
 0001:00007a90       _CallSettingFrameEncoded   0000000140008a90 f   libvcruntimed:handlers.obj
 0001:00007ae0       ??$?RD@__crt_public_free_policy@@QEBAXQEBD@Z 0000000140008ae0 f i libvcruntimed:std_exception.obj
 0001:00007b00       ??1?$__crt_unique_heap_ptr@DU__crt_public_free_policy@@@@QEAA@XZ 0000000140008b00 f i libvcruntimed:std_exception.obj
 0001:00007b20       ?release@?$__crt_unique_heap_ptr@DU__crt_public_free_policy@@@@QEAAXXZ 0000000140008b20 f i libvcruntimed:std_exception.obj
 0001:00007b50       __std_exception_copy       0000000140008b50 f   libvcruntimed:std_exception.obj
 0001:00007c90       __std_exception_destroy    0000000140008c90 f   libvcruntimed:std_exception.obj
 0001:00007cd0       _CxxThrowException         0000000140008cd0 f   libvcruntimed:throw.obj
 0001:00007e00       __acrt_errno_from_os_error 0000000140008e00 f   libucrtd:errno.obj
 0001:00007e90       __acrt_errno_map_os_error  0000000140008e90 f   libucrtd:errno.obj
 0001:00007ec0       __doserrno                 0000000140008ec0 f   libucrtd:errno.obj
 0001:00007ef0       _errno                     0000000140008ef0 f   libucrtd:errno.obj
 0001:00007f20       malloc                     0000000140008f20 f   libucrtd:malloc.obj
 0001:00007f50       ??$?BP6AXXZ@__crt_fast_encoded_nullptr_t@@QEBAPEAP6AXXZXZ 0000000140008f50 f i libucrtd:onexit.obj
 0001:00007f50       ??$?B$$A6AXXZ@__crt_fast_encoded_nullptr_t@@QEBAP6AXXZXZ 0000000140008f50 f i libucrtd:onexit.obj
 0001:00007f50       ??$?B$$A6AXH@Z@__crt_fast_encoded_nullptr_t@@QEBAP6AXH@ZXZ 0000000140008f50 f i libucrtd:signal.obj
 0001:00007f50       ??$?BX@__crt_fast_encoded_nullptr_t@@QEBAPEAXXZ 0000000140008f50 f i libucrtd:initialization.obj
 0001:00007f50       ??$?B$$A6AXPEAXK0@Z@__crt_fast_encoded_nullptr_t@@QEBAP6AXPEAXK0@ZXZ 0000000140008f50 f i libucrtd:exit.obj
 0001:00008000       ??$__crt_fast_decode_pointer@P6AH_K@Z@@YAP6AH_K@ZQ6AH0@Z@Z 0000000140009000 f i libucrtd:new_handler.obj
 0001:00008000       ??$__crt_fast_decode_pointer@PEAP6AXXZ@@YAPEAP6AXXZQEAP6AXXZ@Z 0000000140009000 f i libucrtd:onexit.obj
 0001:00008000       ??$__crt_fast_decode_pointer@P6AXPEAXK0@Z@@YAP6AXPEAXK0@ZQ6AX0K0@Z@Z 0000000140009000 f i libucrtd:exit.obj
 0001:00008000       ??$__crt_fast_decode_pointer@P6AXH@Z@@YAP6AXH@ZQ6AXH@Z@Z 0000000140009000 f i libucrtd:signal.obj
 0001:00008000       ??$__crt_fast_decode_pointer@P6AHPEAU_exception@@@Z@@YAP6AHPEAU_exception@@@ZQ6AH0@Z@Z 0000000140009000 f i libucrtd:matherr.obj
 0001:00008000       ??$__crt_fast_decode_pointer@P6AXXZ@@YAP6AXXZQ6AXXZ@Z 0000000140009000 f i libucrtd:onexit.obj
 0001:00008000       ??$__crt_fast_decode_pointer@P6AXPEB_W00I_K@Z@@YAP6AXPEB_W00I_K@ZQ6AX000I1@Z@Z 0000000140009000 f i libucrtd:invalid_parameter.obj
 0001:00008000       ??$__crt_fast_decode_pointer@PEAX@@YAPEAXQEAX@Z 0000000140009000 f i libucrtd:winapi_thunks.obj
 0001:00008040       ??$__crt_fast_encode_pointer@P6AXH@Z@@YAP6AXH@ZQ6AXH@Z@Z 0000000140009040 f i libucrtd:signal.obj
 0001:00008040       ??$__crt_fast_encode_pointer@PEAX@@YAPEAXQEAX@Z 0000000140009040 f i libucrtd:initialization.obj
 0001:00008040       ??$__crt_fast_encode_pointer@P6AHXZ@@YAP6AHXZQ6AHXZ@Z 0000000140009040 f i libucrtd:onexit.obj
 0001:00008040       ??$__crt_fast_encode_pointer@PEAP6AXXZ@@YAPEAP6AXXZQEAP6AXXZ@Z 0000000140009040 f i libucrtd:onexit.obj
 0001:00008040       ??$__crt_fast_encode_pointer@P6AHPEAU_exception@@@Z@@YAP6AHPEAU_exception@@@ZQ6AH0@Z@Z 0000000140009040 f i libucrtd:matherr.obj
 0001:00008040       ??$__crt_fast_encode_pointer@P6AXXZ@@YAP6AXXZQ6AXXZ@Z 0000000140009040 f i libucrtd:onexit.obj
 0001:00008040       ??$__crt_fast_encode_pointer@P6AXPEAXK0@Z@@YAP6AXPEAXK0@ZQ6AX0K0@Z@Z 0000000140009040 f i libucrtd:exit.obj
 0001:00008080       ??$__crt_get_proc_address@P6AXI@Z@@YAP6AXI@ZQEAUHINSTANCE__@@QEBD@Z 0000000140009080 f i libucrtd:exit.obj
 0001:000080b0       ??$__crt_interlocked_read@J@@YAJPEDJ@Z 00000001400090b0 f i libucrtd:exit.obj
 0001:00008140       ??1?$__crt_unique_handle_t@U__crt_hmodule_traits@@@@QEAA@XZ 0000000140009140 f i libucrtd:exit.obj
 0001:000082a0       ?__acrt_select_exit_lock@@YA?AW4__acrt_lock_id@@XZ 00000001400092a0 f i libucrtd:exit.obj
 0001:000082b0       ?__crt_fast_encode_pointer@@YA?AU__crt_fast_encoded_nullptr_t@@$$T@Z 00000001400092b0 f i libucrtd:exit.obj
 0001:000082d0       ?__crt_interlocked_read_32@@YAHPEDH@Z 00000001400092d0 f i libucrtd:exit.obj
 0001:000082f0       ?__crt_rotate_pointer_value@@YA_K_KH@Z 00000001400092f0 f i libucrtd:exit.obj
 0001:00008330       ?close@?$__crt_unique_handle_t@U__crt_hmodule_traits@@@@QEAAXXZ 0000000140009330 f i libucrtd:exit.obj
 0001:00008370       ?close@__crt_hmodule_traits@@SA_NPEAUHINSTANCE__@@@Z 0000000140009370 f i libucrtd:exit.obj
 0001:00008630       __acrt_initialize_thread_local_exit_callback 0000000140009630 f   libucrtd:exit.obj
 0001:00008650       _c_exit                    0000000140009650 f   libucrtd:exit.obj
 0001:00008670       _cexit                     0000000140009670 f   libucrtd:exit.obj
 0001:00008690       _exit                      0000000140009690 f   libucrtd:exit.obj
 0001:000086b0       _register_thread_local_exe_atexit_callback 00000001400096b0 f   libucrtd:exit.obj
 0001:00008700       exit                       0000000140009700 f   libucrtd:exit.obj
 0001:00008720       ??$is_overflow_condition@K@__crt_strtox@@YA_NIK@Z 0000000140009720 f i libucrtd:atox.obj
 0001:00008790       ??$make_c_string_character_source@_WPEAPEA_W@__crt_strtox@@YA?AV?$c_string_character_source@_W@0@QEB_WQEAPEA_W@Z 0000000140009790 f i libucrtd:strtox.obj
 0001:00008790       ??$make_c_string_character_source@DPEAPEAD@__crt_strtox@@YA?AV?$c_string_character_source@D@0@QEBDQEAPEAD@Z 0000000140009790 f i libucrtd:strtox.obj
 0001:00008790       ??$make_c_string_character_source@D$$T@__crt_strtox@@YA?AV?$c_string_character_source@D@0@QEBD$$T@Z 0000000140009790 f i libucrtd:atox.obj
 0001:000087d0       ??$parse_integer@KV?$c_string_character_source@D@__crt_strtox@@@__crt_strtox@@YAKQEAU__crt_locale_pointers@@V?$c_string_character_source@D@0@H_N@Z 00000001400097d0 f i libucrtd:atox.obj
 0001:00008c60       ??$parse_integer@KV?$c_string_character_source@_W@__crt_strtox@@@__crt_strtox@@YAKQEAU__crt_locale_pointers@@V?$c_string_character_source@_W@0@H_N@Z 0000000140009c60 f i libucrtd:atox.obj
 0001:00009110       ??$parse_integer_from_string@JD$$T@__crt_strtox@@YAJQEBD$$THQEAU__crt_locale_pointers@@@Z 000000014000a110 f i libucrtd:atox.obj
 0001:00009110       ??$parse_integer_from_string@JDPEAPEAD@__crt_strtox@@YAJQEBDQEAPEADHQEAU__crt_locale_pointers@@@Z 000000014000a110 f i libucrtd:strtox.obj
 0001:00009160       ??0?$c_string_character_source@_W@__crt_strtox@@QEAA@QEB_WQEAPEB_W@Z 000000014000a160 f i libucrtd:atox.obj
 0001:00009160       ??0?$c_string_character_source@D@__crt_strtox@@QEAA@QEBDQEAPEBD@Z 000000014000a160 f i libucrtd:atox.obj
 0001:000091b0       ??0_LocaleUpdate@@QEAA@QEAU__crt_locale_pointers@@@Z 000000014000a1b0 f i libucrtd:atox.obj
 0001:000092d0       ??1?$c_string_character_source@D@__crt_strtox@@QEAA@XZ 000000014000a2d0 f i libucrtd:atox.obj
 0001:000092d0       ??1?$c_string_character_source@_W@__crt_strtox@@QEAA@XZ 000000014000a2d0 f i libucrtd:atox.obj
 0001:00009300       ??1_LocaleUpdate@@QEAA@XZ  000000014000a300 f i libucrtd:atox.obj
 0001:00009330       ?GetLocaleT@_LocaleUpdate@@QEAAPEAU__crt_locale_pointers@@XZ 000000014000a330 f i libucrtd:atox.obj
 0001:00009340       ?get@?$c_string_character_source@D@__crt_strtox@@QEAADXZ 000000014000a340 f i libucrtd:atox.obj
 0001:00009380       ?get@?$c_string_character_source@_W@__crt_strtox@@QEAA_WXZ 000000014000a380 f i libucrtd:atox.obj
 0001:000093c0       ?is_space@__crt_strtox@@YA_NDQEAU__crt_locale_pointers@@@Z 000000014000a3c0 f i libucrtd:atox.obj
 0001:00009410       ?is_space@__crt_strtox@@YA_N_WPEAU__crt_locale_pointers@@@Z 000000014000a410 f i libucrtd:atox.obj
 0001:00009450       ?maximum_signed_value@__crt_strtox@@YAJK@Z 000000014000a450 f i libucrtd:atox.obj
 0001:00009460       ?minimum_signed_value@__crt_strtox@@YAJK@Z 000000014000a460 f i libucrtd:atox.obj
 0001:00009470       ?parse_digit@__crt_strtox@@YAID@Z 000000014000a470 f i libucrtd:atox.obj
 0001:000094e0       ?parse_digit@__crt_strtox@@YAI_W@Z 000000014000a4e0 f i libucrtd:atox.obj
 0001:00009530       ?restore_state@?$c_string_character_source@D@__crt_strtox@@QEAA_NQEBD@Z 000000014000a530 f i libucrtd:atox.obj
 0001:00009530       ?restore_state@?$c_string_character_source@_W@__crt_strtox@@QEAA_NQEB_W@Z 000000014000a530 f i libucrtd:atox.obj
 0001:00009550       ?unget@?$c_string_character_source@D@__crt_strtox@@QEAAXD@Z 000000014000a550 f i libucrtd:atox.obj
 0001:00009630       ?unget@?$c_string_character_source@_W@__crt_strtox@@QEAAX_W@Z 000000014000a630 f i libucrtd:atox.obj
 0001:00009710       ?validate@?$c_string_character_source@D@__crt_strtox@@QEBA_NXZ 000000014000a710 f i libucrtd:atox.obj
 0001:000097d0       ?validate@?$c_string_character_source@_W@__crt_strtox@@QEBA_NXZ 000000014000a7d0 f i libucrtd:atox.obj
 0001:00009890       ?wide_character_to_digit@__crt_strtox@@YAH_W@Z 000000014000a890 f i libucrtd:atox.obj
 0001:00009c00       __acrt_disable_global_locale_sync 000000014000ac00 f i libucrtd:atox.obj
 0001:00009c30       __acrt_enable_global_locale_sync 000000014000ac30 f i libucrtd:atox.obj
 0001:00009c60       __acrt_get_locale_data_prefix 000000014000ac60 f i libucrtd:atox.obj
 0001:00009c80       __acrt_locale_changed      000000014000ac80 f i libucrtd:atox.obj
 0001:00009cb0       __ascii_iswalpha           000000014000acb0 f i libucrtd:atox.obj
 0001:00009cf0       __ascii_toupper            000000014000acf0 f i libucrtd:atox.obj
 0001:00009d10       __ascii_towupper           000000014000ad10 f i libucrtd:atox.obj
 0001:00009d30       _chvalidchk_l              000000014000ad30 f i libucrtd:atox.obj
 0001:00009d60       _ischartype_l              000000014000ad60 f i libucrtd:atox.obj
 0001:00009df0       atoi                       000000014000adf0 f   libucrtd:atox.obj
 0001:00009e20       __acrt_initialize_stdio    000000014000ae20 f   libucrtd:_file.obj
 0001:0000a010       __acrt_iob_func            000000014000b010 f   libucrtd:_file.obj
 0001:0000a030       __acrt_uninitialize_stdio  000000014000b030 f   libucrtd:_file.obj
 0001:0000a0c0       _lock_file                 000000014000b0c0 f   libucrtd:_file.obj
 0001:0000a100       _unlock_file               000000014000b100 f   libucrtd:_file.obj
 0001:0000a140       ??$?0AEBV?$stream_output_adapter@D@__crt_stdio_output@@AEB_KAEBQEBDAEBQEAU__crt_locale_pointers@@AEBQEAD@?$standard_base@DV?$stream_output_adapter@D@__crt_stdio_output@@@__crt_stdio_output@@IEAA@AEBV?$stream_output_adapter@D@1@AEB_KAEBQEBDAEBQEAU__crt_locale_pointers@@AEBQEAD@Z 000000014000b140 f i libucrtd:output.obj
 0001:0000a140       ??$?0AEBV?$string_output_adapter@D@__crt_stdio_output@@AEB_KAEBQEBDAEBQEAU__crt_locale_pointers@@AEBQEAD@?$standard_base@DV?$string_output_adapter@D@__crt_stdio_output@@@__crt_stdio_output@@IEAA@AEBV?$string_output_adapter@D@1@AEB_KAEBQEBDAEBQEAU__crt_locale_pointers@@AEBQEAD@Z 000000014000b140 f i libucrtd:output.obj
 0001:0000a1b0       ??$?0AEBV?$string_output_adapter@D@__crt_stdio_output@@AEB_KAEBQEBDAEBQEAU__crt_locale_pointers@@AEBQEAD@?$format_validation_base@DV?$string_output_adapter@D@__crt_stdio_output@@@__crt_stdio_output@@IEAA@AEBV?$string_output_adapter@D@1@AEB_KAEBQEBDAEBQEAU__crt_locale_pointers@@AEBQEAD@Z 000000014000b1b0 f i libucrtd:output.obj
 0001:0000a200       ??$?0AEBV?$string_output_adapter@_W@__crt_stdio_output@@AEB_KAEBQEB_WAEBQEAU__crt_locale_pointers@@AEBQEAD@?$format_validation_base@_WV?$string_output_adapter@_W@__crt_stdio_output@@@__crt_stdio_output@@IEAA@AEBV?$string_output_adapter@_W@1@AEB_KAEBQEB_WAEBQEAU__crt_locale_pointers@@AEBQEAD@Z 000000014000b200 f i libucrtd:output.obj
 0001:0000a250       ??$?0AEBV?$string_output_adapter@_W@__crt_stdio_output@@AEB_KAEBQEB_WAEBQEAU__crt_locale_pointers@@AEBQEAD@?$standard_base@_WV?$string_output_adapter@_W@__crt_stdio_output@@@__crt_stdio_output@@IEAA@AEBV?$string_output_adapter@_W@1@AEB_KAEBQEB_WAEBQEAU__crt_locale_pointers@@AEBQEAD@Z 000000014000b250 f i libucrtd:output.obj
 0001:0000be30       ??$count@D@formatting_buffer@__crt_stdio_output@@QEBA_KXZ 000000014000ce30 f i libucrtd:output.obj
 0001:0000be80       ??$count@_W@formatting_buffer@__crt_stdio_output@@QEBA_KXZ 000000014000ce80 f i libucrtd:output.obj
 0001:0000bed0       ??$data@D@formatting_buffer@__crt_stdio_output@@QEAAPEADXZ 000000014000ced0 f i libucrtd:output.obj
 0001:0000bed0       ??$data@_W@formatting_buffer@__crt_stdio_output@@QEAAPEA_WXZ 000000014000ced0 f i libucrtd:output.obj
 0001:0000bf20       ??$ensure_buffer_is_big_enough@D@formatting_buffer@__crt_stdio_output@@QEAA_N_K@Z 000000014000cf20 f i libucrtd:output.obj
 0001:0000c050       ??$ensure_buffer_is_big_enough@_W@formatting_buffer@__crt_stdio_output@@QEAA_N_K@Z 000000014000d050 f i libucrtd:output.obj
 0001:0000c180       ??$extract_argument_from_va_list@C_J@?$standard_base@DV?$string_output_adapter@D@__crt_stdio_output@@@__crt_stdio_output@@IEAA_NAEA_J@Z 000000014000d180 f i libucrtd:output.obj
 0001:0000c180       ??$extract_argument_from_va_list@C_J@?$standard_base@DV?$stream_output_adapter@D@__crt_stdio_output@@@__crt_stdio_output@@IEAA_NAEA_J@Z 000000014000d180 f i libucrtd:output.obj
 0001:0000c180       ??$extract_argument_from_va_list@C_J@?$standard_base@_WV?$string_output_adapter@_W@__crt_stdio_output@@@__crt_stdio_output@@IEAA_NAEA_J@Z 000000014000d180 f i libucrtd:output.obj
 0001:0000c1c0       ??$extract_argument_from_va_list@E_J@?$standard_base@DV?$stream_output_adapter@D@__crt_stdio_output@@@__crt_stdio_output@@IEAA_NAEA_J@Z 000000014000d1c0 f i libucrtd:output.obj
 0001:0000c1c0       ??$extract_argument_from_va_list@E_J@?$standard_base@_WV?$string_output_adapter@_W@__crt_stdio_output@@@__crt_stdio_output@@IEAA_NAEA_J@Z 000000014000d1c0 f i libucrtd:output.obj
 0001:0000c1c0       ??$extract_argument_from_va_list@E_J@?$standard_base@DV?$string_output_adapter@D@__crt_stdio_output@@@__crt_stdio_output@@IEAA_NAEA_J@Z 000000014000d1c0 f i libucrtd:output.obj
 0001:0000c200       ??$extract_argument_from_va_list@F_J@?$standard_base@DV?$stream_output_adapter@D@__crt_stdio_output@@@__crt_stdio_output@@IEAA_NAEA_J@Z 000000014000d200 f i libucrtd:output.obj
 0001:0000c200       ??$extract_argument_from_va_list@F_J@?$standard_base@_WV?$string_output_adapter@_W@__crt_stdio_output@@@__crt_stdio_output@@IEAA_NAEA_J@Z 000000014000d200 f i libucrtd:output.obj
 0001:0000c200       ??$extract_argument_from_va_list@F_J@?$standard_base@DV?$string_output_adapter@D@__crt_stdio_output@@@__crt_stdio_output@@IEAA_NAEA_J@Z 000000014000d200 f i libucrtd:output.obj
 0001:0000c240       ??$extract_argument_from_va_list@GD@?$standard_base@DV?$stream_output_adapter@D@__crt_stdio_output@@@__crt_stdio_output@@IEAA_NAEAD@Z 000000014000d240 f i libucrtd:output.obj
 0001:0000c240       ??$extract_argument_from_va_list@GD@?$standard_base@DV?$string_output_adapter@D@__crt_stdio_output@@@__crt_stdio_output@@IEAA_NAEAD@Z 000000014000d240 f i libucrtd:output.obj
 0001:0000c270       ??$extract_argument_from_va_list@G_J@?$standard_base@_WV?$string_output_adapter@_W@__crt_stdio_output@@@__crt_stdio_output@@IEAA_NAEA_J@Z 000000014000d270 f i libucrtd:output.obj
 0001:0000c270       ??$extract_argument_from_va_list@G_J@?$standard_base@DV?$string_output_adapter@D@__crt_stdio_output@@@__crt_stdio_output@@IEAA_NAEA_J@Z 000000014000d270 f i libucrtd:output.obj
 0001:0000c270       ??$extract_argument_from_va_list@G_J@?$standard_base@DV?$stream_output_adapter@D@__crt_stdio_output@@@__crt_stdio_output@@IEAA_NAEA_J@Z 000000014000d270 f i libucrtd:output.obj
 0001:0000c2b0       ??$extract_argument_from_va_list@H_J@?$standard_base@DV?$stream_output_adapter@D@__crt_stdio_output@@@__crt_stdio_output@@IEAA_NAEA_J@Z 000000014000d2b0 f i libucrtd:output.obj
 0001:0000c2b0       ??$extract_argument_from_va_list@H_J@?$standard_base@_WV?$string_output_adapter@_W@__crt_stdio_output@@@__crt_stdio_output@@IEAA_NAEA_J@Z 000000014000d2b0 f i libucrtd:output.obj
 0001:0000c2b0       ??$extract_argument_from_va_list@H_J@?$standard_base@DV?$string_output_adapter@D@__crt_stdio_output@@@__crt_stdio_output@@IEAA_NAEA_J@Z 000000014000d2b0 f i libucrtd:output.obj
 0001:0000c2e0       ??$extract_argument_from_va_list@I_J@?$standard_base@DV?$stream_output_adapter@D@__crt_stdio_output@@@__crt_stdio_output@@IEAA_NAEA_J@Z 000000014000d2e0 f i libucrtd:output.obj
 0001:0000c2e0       ??$extract_argument_from_va_list@I_J@?$standard_base@DV?$string_output_adapter@D@__crt_stdio_output@@@__crt_stdio_output@@IEAA_NAEA_J@Z 000000014000d2e0 f i libucrtd:output.obj
 0001:0000c2e0       ??$extract_argument_from_va_list@I_J@?$standard_base@_WV?$string_output_adapter@_W@__crt_stdio_output@@@__crt_stdio_output@@IEAA_NAEA_J@Z 000000014000d2e0 f i libucrtd:output.obj
 0001:0000c310       ??$extract_argument_from_va_list@PEAXPEAX@?$standard_base@DV?$stream_output_adapter@D@__crt_stdio_output@@@__crt_stdio_output@@IEAA_NAEAPEAX@Z 000000014000d310 f i libucrtd:output.obj
 0001:0000c310       ??$extract_argument_from_va_list@PEAUansi_string@?1??type_case_Z@?$output_processor@_WV?$string_output_adapter@_W@__crt_stdio_output@@V?$format_validation_base@_WV?$string_output_adapter@_W@__crt_stdio_output@@@2@@__crt_stdio_output@@AEAA_NXZ@PEAU1?1??234@AEAA_NXZ@@?$standard_base@_WV?$string_output_adapter@_W@__crt_stdio_output@@@__crt_stdio_output@@IEAA_NAEAPEAUansi_string@?1??type_case_Z@?$output_processor@_WV?$string_output_adapter@_W@__crt_stdio_output@@V?$format_validation_base@_WV?$string_output_adapter@_W@__crt_stdio_output@@@2@@1@AEAA_NXZ@@Z 000000014000d310 f i libucrtd:output.obj
 0001:0000c310       ??$extract_argument_from_va_list@PEADPEAD@?$standard_base@_WV?$string_output_adapter@_W@__crt_stdio_output@@@__crt_stdio_output@@IEAA_NAEAPEAD@Z 000000014000d310 f i libucrtd:output.obj
 0001:0000c310       ??$extract_argument_from_va_list@PEADPEAD@?$standard_base@DV?$string_output_adapter@D@__crt_stdio_output@@@__crt_stdio_output@@IEAA_NAEAPEAD@Z 000000014000d310 f i libucrtd:output.obj
 0001:0000c310       ??$extract_argument_from_va_list@_K_J@?$standard_base@DV?$string_output_adapter@D@__crt_stdio_output@@@__crt_stdio_output@@IEAA_NAEA_J@Z 000000014000d310 f i libucrtd:output.obj
 0001:0000c310       ??$extract_argument_from_va_list@_K_J@?$standard_base@DV?$stream_output_adapter@D@__crt_stdio_output@@@__crt_stdio_output@@IEAA_NAEA_J@Z 000000014000d310 f i libucrtd:output.obj
 0001:0000c310       ??$extract_argument_from_va_list@PEAXPEAX@?$standard_base@_WV?$string_output_adapter@_W@__crt_stdio_output@@@__crt_stdio_output@@IEAA_NAEAPEAX@Z 000000014000d310 f i libucrtd:output.obj
 0001:0000c310       ??$extract_argument_from_va_list@PEAXPEAX@?$standard_base@DV?$string_output_adapter@D@__crt_stdio_output@@@__crt_stdio_output@@IEAA_NAEAPEAX@Z 000000014000d310 f i libucrtd:output.obj
 0001:0000c310       ??$extract_argument_from_va_list@_J_J@?$standard_base@DV?$stream_output_adapter@D@__crt_stdio_output@@@__crt_stdio_output@@IEAA_NAEA_J@Z 000000014000d310 f i libucrtd:output.obj
 0001:0000c310       ??$extract_argument_from_va_list@_J_J@?$standard_base@DV?$string_output_adapter@D@__crt_stdio_output@@@__crt_stdio_output@@IEAA_NAEA_J@Z 000000014000d310 f i libucrtd:output.obj
 0001:0000c310       ??$extract_argument_from_va_list@PEADPEAD@?$standard_base@DV?$stream_output_adapter@D@__crt_stdio_output@@@__crt_stdio_output@@IEAA_NAEAPEAD@Z 000000014000d310 f i libucrtd:output.obj
 0001:0000c310       ??$extract_argument_from_va_list@PEAUansi_string@?1??type_case_Z@?$output_processor@DV?$string_output_adapter@D@__crt_stdio_output@@V?$format_validation_base@DV?$string_output_adapter@D@__crt_stdio_output@@@2@@__crt_stdio_output@@AEAA_NXZ@PEAU1?1??234@AEAA_NXZ@@?$standard_base@DV?$string_output_adapter@D@__crt_stdio_output@@@__crt_stdio_output@@IEAA_NAEAPEAUansi_string@?1??type_case_Z@?$output_processor@DV?$string_output_adapter@D@__crt_stdio_output@@V?$format_validation_base@DV?$string_output_adapter@D@__crt_stdio_output@@@2@@1@AEAA_NXZ@@Z 000000014000d310 f i libucrtd:output.obj
 0001:0000c310       ??$extract_argument_from_va_list@_J_J@?$standard_base@_WV?$string_output_adapter@_W@__crt_stdio_output@@@__crt_stdio_output@@IEAA_NAEA_J@Z 000000014000d310 f i libucrtd:output.obj
 0001:0000c310       ??$extract_argument_from_va_list@_K_J@?$standard_base@_WV?$string_output_adapter@_W@__crt_stdio_output@@@__crt_stdio_output@@IEAA_NAEA_J@Z 000000014000d310 f i libucrtd:output.obj
 0001:0000c310       ??$extract_argument_from_va_list@PEAUansi_string@?1??type_case_Z@?$output_processor@DV?$stream_output_adapter@D@__crt_stdio_output@@V?$standard_base@DV?$stream_output_adapter@D@__crt_stdio_output@@@2@@__crt_stdio_output@@AEAA_NXZ@PEAU1?1??234@AEAA_NXZ@@?$standard_base@DV?$stream_output_adapter@D@__crt_stdio_output@@@__crt_stdio_output@@IEAA_NAEAPEAUansi_string@?1??type_case_Z@?$output_processor@DV?$stream_output_adapter@D@__crt_stdio_output@@V?$standard_base@DV?$stream_output_adapter@D@__crt_stdio_output@@@2@@1@AEAA_NXZ@@Z 000000014000d310 f i libucrtd:output.obj
 0001:0000c340       ??$extract_argument_from_va_list@U_CRT_DOUBLE@@U1@@?$standard_base@DV?$stream_output_adapter@D@__crt_stdio_output@@@__crt_stdio_output@@IEAA_NAEAU_CRT_DOUBLE@@@Z 000000014000d340 f i libucrtd:output.obj
 0001:0000c340       ??$extract_argument_from_va_list@U_CRT_DOUBLE@@U1@@?$standard_base@DV?$string_output_adapter@D@__crt_stdio_output@@@__crt_stdio_output@@IEAA_NAEAU_CRT_DOUBLE@@@Z 000000014000d340 f i libucrtd:output.obj
 0001:0000c340       ??$extract_argument_from_va_list@U_CRT_DOUBLE@@U1@@?$standard_base@_WV?$string_output_adapter@_W@__crt_stdio_output@@@__crt_stdio_output@@IEAA_NAEAU_CRT_DOUBLE@@@Z 000000014000d340 f i libucrtd:output.obj
 0001:0000c390       ??$extract_argument_from_va_list@_W_W@?$standard_base@DV?$stream_output_adapter@D@__crt_stdio_output@@@__crt_stdio_output@@IEAA_NAEA_W@Z 000000014000d390 f i libucrtd:output.obj
 0001:0000c390       ??$extract_argument_from_va_list@_W_W@?$standard_base@DV?$string_output_adapter@D@__crt_stdio_output@@@__crt_stdio_output@@IEAA_NAEA_W@Z 000000014000d390 f i libucrtd:output.obj
 0001:0000c390       ??$extract_argument_from_va_list@_W_W@?$standard_base@_WV?$string_output_adapter@_W@__crt_stdio_output@@@__crt_stdio_output@@IEAA_NAEA_W@Z 000000014000d390 f i libucrtd:output.obj
 0001:0000c3c0       ??$is_wide_character_specifier@D@__crt_stdio_output@@YA_N_KDW4length_modifier@0@@Z 000000014000d3c0 f i libucrtd:output.obj
 0001:0000c460       ??$is_wide_character_specifier@_W@__crt_stdio_output@@YA_N_K_WW4length_modifier@0@@Z 000000014000d460 f i libucrtd:output.obj
 0001:0000c530       ??$puttc_nolock@AEBDPEAU_iobuf@@@?$__crt_char_traits@D@@SAHAEBD$$QEAPEAU_iobuf@@@Z 000000014000d530 f i libucrtd:output.obj
 0001:0000c560       ??$read_va_arg@C@__crt_stdio_output@@YACAEAPEAD@Z 000000014000d560 f i libucrtd:output.obj
 0001:0000c560       ??$read_va_arg@E@__crt_stdio_output@@YAEAEAPEAD@Z 000000014000d560 f i libucrtd:output.obj
 0001:0000c5d0       ??$read_va_arg@F@__crt_stdio_output@@YAFAEAPEAD@Z 000000014000d5d0 f i libucrtd:output.obj
 0001:0000c5d0       ??$read_va_arg@_W@__crt_stdio_output@@YA_WAEAPEAD@Z 000000014000d5d0 f i libucrtd:output.obj
 0001:0000c5d0       ??$read_va_arg@G@__crt_stdio_output@@YAGAEAPEAD@Z 000000014000d5d0 f i libucrtd:output.obj
 0001:0000c640       ??$read_va_arg@I@__crt_stdio_output@@YAIAEAPEAD@Z 000000014000d640 f i libucrtd:output.obj
 0001:0000c640       ??$read_va_arg@H@__crt_stdio_output@@YAHAEAPEAD@Z 000000014000d640 f i libucrtd:output.obj
 0001:0000c6a0       ??$read_va_arg@PEAUansi_string@?1??type_case_Z@?$output_processor@DV?$stream_output_adapter@D@__crt_stdio_output@@V?$standard_base@DV?$stream_output_adapter@D@__crt_stdio_output@@@2@@__crt_stdio_output@@AEAA_NXZ@@__crt_stdio_output@@YAPEAUansi_string@?1??type_case_Z@?$output_processor@DV?$stream_output_adapter@D@__crt_stdio_output@@V?$standard_base@DV?$stream_output_adapter@D@__crt_stdio_output@@@2@@0@AEAA_NXZ@AEAPEAD@Z 000000014000d6a0 f i libucrtd:output.obj
 0001:0000c6a0       ??$read_va_arg@PEAX@__crt_stdio_output@@YAPEAXAEAPEAD@Z 000000014000d6a0 f i libucrtd:output.obj
 0001:0000c6a0       ??$read_va_arg@U_CRT_DOUBLE@@@__crt_stdio_output@@YA?AU_CRT_DOUBLE@@AEAPEAD@Z 000000014000d6a0 f i libucrtd:output.obj
 0001:0000c6a0       ??$read_va_arg@PEAD@__crt_stdio_output@@YAPEADAEAPEAD@Z 000000014000d6a0 f i libucrtd:output.obj
 0001:0000c6a0       ??$read_va_arg@PEAUansi_string@?1??type_case_Z@?$output_processor@_WV?$string_output_adapter@_W@__crt_stdio_output@@V?$format_validation_base@_WV?$string_output_adapter@_W@__crt_stdio_output@@@2@@__crt_stdio_output@@AEAA_NXZ@@__crt_stdio_output@@YAPEAUansi_string@?1??type_case_Z@?$output_processor@_WV?$string_output_adapter@_W@__crt_stdio_output@@V?$format_validation_base@_WV?$string_output_adapter@_W@__crt_stdio_output@@@2@@0@AEAA_NXZ@AEAPEAD@Z 000000014000d6a0 f i libucrtd:output.obj
 0001:0000c6a0       ??$read_va_arg@_J@__crt_stdio_output@@YA_JAEAPEAD@Z 000000014000d6a0 f i libucrtd:output.obj
 0001:0000c6a0       ??$read_va_arg@_K@__crt_stdio_output@@YA_KAEAPEAD@Z 000000014000d6a0 f i libucrtd:output.obj
 0001:0000c6a0       ??$read_va_arg@PEAUansi_string@?1??type_case_Z@?$output_processor@DV?$string_output_adapter@D@__crt_stdio_output@@V?$format_validation_base@DV?$string_output_adapter@D@__crt_stdio_output@@@2@@__crt_stdio_output@@AEAA_NXZ@@__crt_stdio_output@@YAPEAUansi_string@?1??type_case_Z@?$output_processor@DV?$string_output_adapter@D@__crt_stdio_output@@V?$format_validation_base@DV?$string_output_adapter@D@__crt_stdio_output@@@2@@0@AEAA_NXZ@AEAPEAD@Z 000000014000d6a0 f i libucrtd:output.obj
 0001:0000c710       ??$scratch_count@D@formatting_buffer@__crt_stdio_output@@QEBA_KXZ 000000014000d710 f i libucrtd:output.obj
 0001:0000c730       ??$scratch_data@D@formatting_buffer@__crt_stdio_output@@QEAAPEADXZ 000000014000d730 f i libucrtd:output.obj
 0001:0000c7a0       ??$tcstol@PEBDPEAPEADH@?$__crt_char_traits@D@@SAJ$$QEAPEBD$$QEAPEAPEAD$$QEAH@Z 000000014000d7a0 f i libucrtd:output.obj
 0001:0000c7e0       ??$tcstol@PEB_WPEAPEA_WH@?$__crt_char_traits@_W@@SAJ$$QEAPEB_W$$QEAPEAPEA_W$$QEAH@Z 000000014000d7e0 f i libucrtd:output.obj
 0001:0000c820       ??$type_case_integer_parse_into_buffer@I@?$output_processor@DV?$string_output_adapter@D@__crt_stdio_output@@V?$format_validation_base@DV?$string_output_adapter@D@__crt_stdio_output@@@2@@__crt_stdio_output@@AEAAXII_N@Z 000000014000d820 f i libucrtd:output.obj
 0001:0000c820       ??$type_case_integer_parse_into_buffer@I@?$output_processor@DV?$stream_output_adapter@D@__crt_stdio_output@@V?$standard_base@DV?$stream_output_adapter@D@__crt_stdio_output@@@2@@__crt_stdio_output@@AEAAXII_N@Z 000000014000d820 f i libucrtd:output.obj
 0001:0000c950       ??$type_case_integer_parse_into_buffer@I@?$output_processor@_WV?$string_output_adapter@_W@__crt_stdio_output@@V?$format_validation_base@_WV?$string_output_adapter@_W@__crt_stdio_output@@@2@@__crt_stdio_output@@AEAAXII_N@Z 000000014000d950 f i libucrtd:output.obj
 0001:0000ca90       ??$type_case_integer_parse_into_buffer@_K@?$output_processor@DV?$stream_output_adapter@D@__crt_stdio_output@@V?$standard_base@DV?$stream_output_adapter@D@__crt_stdio_output@@@2@@__crt_stdio_output@@AEAAX_KI_N@Z 000000014000da90 f i libucrtd:output.obj
 0001:0000ca90       ??$type_case_integer_parse_into_buffer@_K@?$output_processor@DV?$string_output_adapter@D@__crt_stdio_output@@V?$format_validation_base@DV?$string_output_adapter@D@__crt_stdio_output@@@2@@__crt_stdio_output@@AEAAX_KI_N@Z 000000014000da90 f i libucrtd:output.obj
 0001:0000cbe0       ??$type_case_integer_parse_into_buffer@_K@?$output_processor@_WV?$string_output_adapter@_W@__crt_stdio_output@@V?$format_validation_base@_WV?$string_output_adapter@_W@__crt_stdio_output@@@2@@__crt_stdio_output@@AEAAX_KI_N@Z 000000014000dbe0 f i libucrtd:output.obj
 0001:0000cd40       ??$write_multiple_characters@V?$stream_output_adapter@D@__crt_stdio_output@@D@__crt_stdio_output@@YAXAEBV?$stream_output_adapter@D@0@DHQEAH@Z 000000014000dd40 f i libucrtd:output.obj
 0001:0000cda0       ??$write_multiple_characters@V?$string_output_adapter@D@__crt_stdio_output@@D@__crt_stdio_output@@YAXAEBV?$string_output_adapter@D@0@DHQEAH@Z 000000014000dda0 f i libucrtd:output.obj
 0001:0000ce00       ??$write_multiple_characters@V?$string_output_adapter@_W@__crt_stdio_output@@D@__crt_stdio_output@@YAXAEBV?$string_output_adapter@_W@0@DHQEAH@Z 000000014000de00 f i libucrtd:output.obj
 0001:0000cee0       ??0?$common_data@D@__crt_stdio_output@@IEAA@XZ 000000014000dee0 f i libucrtd:output.obj
 0001:0000cfb0       ??0?$common_data@_W@__crt_stdio_output@@IEAA@XZ 000000014000dfb0 f i libucrtd:output.obj
 0001:0000d080       ??0?$output_adapter_data@DV?$string_output_adapter@D@__crt_stdio_output@@@__crt_stdio_output@@IEAA@AEBV?$string_output_adapter@D@1@_KQEBDQEAU__crt_locale_pointers@@QEAD@Z 000000014000e080 f i libucrtd:output.obj
 0001:0000d080       ??0?$output_adapter_data@DV?$stream_output_adapter@D@__crt_stdio_output@@@__crt_stdio_output@@IEAA@AEBV?$stream_output_adapter@D@1@_KQEBDQEAU__crt_locale_pointers@@QEAD@Z 000000014000e080 f i libucrtd:output.obj
 0001:0000d100       ??0?$output_adapter_data@_WV?$string_output_adapter@_W@__crt_stdio_output@@@__crt_stdio_output@@IEAA@AEBV?$string_output_adapter@_W@1@_KQEB_WQEAU__crt_locale_pointers@@QEAD@Z 000000014000e100 f i libucrtd:output.obj
 0001:0000d180       ??0?$output_processor@DV?$stream_output_adapter@D@__crt_stdio_output@@V?$standard_base@DV?$stream_output_adapter@D@__crt_stdio_output@@@2@@__crt_stdio_output@@QEAA@AEBV?$stream_output_adapter@D@1@_KQEBDQEAU__crt_locale_pointers@@QEAD@Z 000000014000e180 f i libucrtd:output.obj
 0001:0000d1d0       ??0?$output_processor@DV?$string_output_adapter@D@__crt_stdio_output@@V?$format_validation_base@DV?$string_output_adapter@D@__crt_stdio_output@@@2@@__crt_stdio_output@@QEAA@AEBV?$string_output_adapter@D@1@_KQEBDQEAU__crt_locale_pointers@@QEAD@Z 000000014000e1d0 f i libucrtd:output.obj
 0001:0000d220       ??0?$output_processor@_WV?$string_output_adapter@_W@__crt_stdio_output@@V?$format_validation_base@_WV?$string_output_adapter@_W@__crt_stdio_output@@@2@@__crt_stdio_output@@QEAA@AEBV?$string_output_adapter@_W@1@_KQEB_WQEAU__crt_locale_pointers@@QEAD@Z 000000014000e220 f i libucrtd:output.obj
 0001:0000d270       ??0?$stream_output_adapter@D@__crt_stdio_output@@QEAA@QEAU_iobuf@@@Z 000000014000e270 f i libucrtd:output.obj
 0001:0000d2a0       ??0__acrt_stdio_temporary_buffering_guard@@QEAA@QEAU_iobuf@@@Z 000000014000e2a0 f i libucrtd:output.obj
 0001:0000d2e0       ??0__crt_deferred_errno_cache@@QEAA@XZ 000000014000e2e0 f i libucrtd:output.obj
 0001:0000d300       ??0__crt_errno_guard@@QEAA@QEAH@Z 000000014000e300 f i libucrtd:output.obj
 0001:0000d340       ??0formatting_buffer@__crt_stdio_output@@QEAA@XZ 000000014000e340 f i libucrtd:output.obj
 0001:0000d380       ??1?$common_data@_W@__crt_stdio_output@@QEAA@XZ 000000014000e380 f i libucrtd:output.obj
 0001:0000d380       ??1?$common_data@D@__crt_stdio_output@@QEAA@XZ 000000014000e380 f i libucrtd:output.obj
 0001:0000d3a0       ??1?$output_processor@DV?$stream_output_adapter@D@__crt_stdio_output@@V?$standard_base@DV?$stream_output_adapter@D@__crt_stdio_output@@@2@@__crt_stdio_output@@QEAA@XZ 000000014000e3a0 f i libucrtd:output.obj
 0001:0000d3a0       ??1?$format_validation_base@DV?$string_output_adapter@D@__crt_stdio_output@@@__crt_stdio_output@@QEAA@XZ 000000014000e3a0 f i libucrtd:output.obj
 0001:0000d3a0       ??1?$format_validation_base@_WV?$string_output_adapter@_W@__crt_stdio_output@@@__crt_stdio_output@@QEAA@XZ 000000014000e3a0 f i libucrtd:output.obj
 0001:0000d3c0       ??1?$output_adapter_data@DV?$stream_output_adapter@D@__crt_stdio_output@@@__crt_stdio_output@@QEAA@XZ 000000014000e3c0 f i libucrtd:output.obj
 0001:0000d3c0       ??1?$output_adapter_data@_WV?$string_output_adapter@_W@__crt_stdio_output@@@__crt_stdio_output@@QEAA@XZ 000000014000e3c0 f i libucrtd:output.obj
 0001:0000d3c0       ??1?$output_adapter_data@DV?$string_output_adapter@D@__crt_stdio_output@@@__crt_stdio_output@@QEAA@XZ 000000014000e3c0 f i libucrtd:output.obj
 0001:0000d3e0       ??1?$output_processor@DV?$string_output_adapter@D@__crt_stdio_output@@V?$format_validation_base@DV?$string_output_adapter@D@__crt_stdio_output@@@2@@__crt_stdio_output@@QEAA@XZ 000000014000e3e0 f i libucrtd:output.obj
 0001:0000d3e0       ??1?$output_processor@_WV?$string_output_adapter@_W@__crt_stdio_output@@V?$format_validation_base@_WV?$string_output_adapter@_W@__crt_stdio_output@@@2@@__crt_stdio_output@@QEAA@XZ 000000014000e3e0 f i libucrtd:output.obj
 0001:0000d400       ??1?$standard_base@DV?$stream_output_adapter@D@__crt_stdio_output@@@__crt_stdio_output@@QEAA@XZ 000000014000e400 f i libucrtd:output.obj
 0001:0000d400       ??1?$standard_base@DV?$string_output_adapter@D@__crt_stdio_output@@@__crt_stdio_output@@QEAA@XZ 000000014000e400 f i libucrtd:output.obj
 0001:0000d400       ??1?$standard_base@_WV?$string_output_adapter@_W@__crt_stdio_output@@@__crt_stdio_output@@QEAA@XZ 000000014000e400 f i libucrtd:output.obj
 0001:0000d420       ??1__acrt_stdio_temporary_buffering_guard@@QEAA@XZ 000000014000e420 f i libucrtd:output.obj
 0001:0000d450       ??1__crt_errno_guard@@QEAA@XZ 000000014000e450 f i libucrtd:output.obj
 0001:0000d480       ??1formatting_buffer@__crt_stdio_output@@QEAA@XZ 000000014000e480 f i libucrtd:output.obj
 0001:0000d4b0       ??4?$__crt_unique_heap_ptr@DU__crt_internal_free_policy@@@@QEAAAEAV0@$$QEAV0@@Z 000000014000e4b0 f i libucrtd:output.obj
 0001:0000d4f0       ??A?$spectre_mitigated_lookup_table@Ustate_transition_pair@__crt_stdio_output@@$0IA@@__crt_stdio_output@@QEBAAEBUstate_transition_pair@1@_K@Z 000000014000e4f0 f i libucrtd:output.obj
 0001:0000d680       ?adjust_hexit@?$output_processor@DV?$stream_output_adapter@D@__crt_stdio_output@@V?$standard_base@DV?$stream_output_adapter@D@__crt_stdio_output@@@2@@__crt_stdio_output@@CADH_N@Z 000000014000e680 f i libucrtd:output.obj
 0001:0000d680       ?adjust_hexit@?$output_processor@DV?$string_output_adapter@D@__crt_stdio_output@@V?$format_validation_base@DV?$string_output_adapter@D@__crt_stdio_output@@@2@@__crt_stdio_output@@CADH_N@Z 000000014000e680 f i libucrtd:output.obj
 0001:0000d680       ?adjust_hexit@?$output_processor@_WV?$string_output_adapter@_W@__crt_stdio_output@@V?$format_validation_base@_WV?$string_output_adapter@_W@__crt_stdio_output@@@2@@__crt_stdio_output@@CADH_N@Z 000000014000e680 f i libucrtd:output.obj
 0001:0000d6d0       ?advance_to_next_pass@?$standard_base@DV?$stream_output_adapter@D@__crt_stdio_output@@@__crt_stdio_output@@IEAA_NXZ 000000014000e6d0 f i libucrtd:output.obj
 0001:0000d6d0       ?advance_to_next_pass@?$standard_base@_WV?$string_output_adapter@_W@__crt_stdio_output@@@__crt_stdio_output@@IEAA_NXZ 000000014000e6d0 f i libucrtd:output.obj
 0001:0000d6d0       ?advance_to_next_pass@?$standard_base@DV?$string_output_adapter@D@__crt_stdio_output@@@__crt_stdio_output@@IEAA_NXZ 000000014000e6d0 f i libucrtd:output.obj
 0001:0000d720       ?crop_zeroes@__crt_stdio_output@@YAXPEADQEAU__crt_locale_pointers@@@Z 000000014000e720 f i libucrtd:output.obj
 0001:0000d860       ?find_next_state@?$output_processor@DV?$stream_output_adapter@D@__crt_stdio_output@@V?$standard_base@DV?$stream_output_adapter@D@__crt_stdio_output@@@2@@__crt_stdio_output@@AEBA?AW4state@2@DW432@@Z 000000014000e860 f i libucrtd:output.obj
 0001:0000d8f0       ?find_next_state@?$output_processor@DV?$string_output_adapter@D@__crt_stdio_output@@V?$format_validation_base@DV?$string_output_adapter@D@__crt_stdio_output@@@2@@__crt_stdio_output@@AEBA?AW4state@2@DW432@@Z 000000014000e8f0 f i libucrtd:output.obj
 0001:0000d980       ?find_next_state@?$output_processor@_WV?$string_output_adapter@_W@__crt_stdio_output@@V?$format_validation_base@_WV?$string_output_adapter@_W@__crt_stdio_output@@@2@@__crt_stdio_output@@AEBA?AW4state@2@_WW432@@Z 000000014000e980 f i libucrtd:output.obj
 0001:0000da10       ?force_decimal_point@__crt_stdio_output@@YAXPEADQEAU__crt_locale_pointers@@@Z 000000014000ea10 f i libucrtd:output.obj
 0001:0000db10       ?get@__crt_deferred_errno_cache@@QEAAAEAHXZ 000000014000eb10 f i libucrtd:output.obj
 0001:0000db40       ?get_flags@__crt_stdio_stream@@QEBAJXZ 000000014000eb40 f i libucrtd:output.obj
 0001:0000db70       ?has_flag@?$output_processor@DV?$string_output_adapter@D@__crt_stdio_output@@V?$format_validation_base@DV?$string_output_adapter@D@__crt_stdio_output@@@2@@__crt_stdio_output@@AEBA_NI@Z 000000014000eb70 f i libucrtd:output.obj
 0001:0000db70       ?has_flag@?$output_processor@DV?$stream_output_adapter@D@__crt_stdio_output@@V?$standard_base@DV?$stream_output_adapter@D@__crt_stdio_output@@@2@@__crt_stdio_output@@AEBA_NI@Z 000000014000eb70 f i libucrtd:output.obj
 0001:0000db70       ?has_flag@?$output_processor@_WV?$string_output_adapter@_W@__crt_stdio_output@@V?$format_validation_base@_WV?$string_output_adapter@_W@__crt_stdio_output@@@2@@__crt_stdio_output@@AEBA_NI@Z 000000014000eb70 f i libucrtd:output.obj
 0001:0000dbb0       ?is_string_backed@__crt_stdio_stream@@QEBA_NXZ 000000014000ebb0 f i libucrtd:output.obj
 0001:0000dbf0       ?narrow_null_string@?$output_processor@DV?$stream_output_adapter@D@__crt_stdio_output@@V?$standard_base@DV?$stream_output_adapter@D@__crt_stdio_output@@@2@@__crt_stdio_output@@CAPEADXZ 000000014000ebf0 f i libucrtd:output.obj
 0001:0000dbf0       ?narrow_null_string@?$output_processor@DV?$string_output_adapter@D@__crt_stdio_output@@V?$format_validation_base@DV?$string_output_adapter@D@__crt_stdio_output@@@2@@__crt_stdio_output@@CAPEADXZ 000000014000ebf0 f i libucrtd:output.obj
 0001:0000dbf0       ?narrow_null_string@?$output_processor@_WV?$string_output_adapter@_W@__crt_stdio_output@@V?$format_validation_base@_WV?$string_output_adapter@_W@__crt_stdio_output@@@2@@__crt_stdio_output@@CAPEADXZ 000000014000ebf0 f i libucrtd:output.obj
 0001:0000dc00       ?parse_int_from_format_string@?$output_processor@DV?$string_output_adapter@D@__crt_stdio_output@@V?$format_validation_base@DV?$string_output_adapter@D@__crt_stdio_output@@@2@@__crt_stdio_output@@AEAA_NQEAH@Z 000000014000ec00 f i libucrtd:output.obj
 0001:0000dc00       ?parse_int_from_format_string@?$output_processor@DV?$stream_output_adapter@D@__crt_stdio_output@@V?$standard_base@DV?$stream_output_adapter@D@__crt_stdio_output@@@2@@__crt_stdio_output@@AEAA_NQEAH@Z 000000014000ec00 f i libucrtd:output.obj
 0001:0000dcf0       ?parse_int_from_format_string@?$output_processor@_WV?$string_output_adapter@_W@__crt_stdio_output@@V?$format_validation_base@_WV?$string_output_adapter@_W@__crt_stdio_output@@@2@@__crt_stdio_output@@AEAA_NQEAH@Z 000000014000ecf0 f i libucrtd:output.obj
 0001:0000dde0       ?process@?$output_processor@DV?$stream_output_adapter@D@__crt_stdio_output@@V?$standard_base@DV?$stream_output_adapter@D@__crt_stdio_output@@@2@@__crt_stdio_output@@QEAAHXZ 000000014000ede0 f i libucrtd:output.obj
 0001:0000e140       ?process@?$output_processor@DV?$string_output_adapter@D@__crt_stdio_output@@V?$format_validation_base@DV?$string_output_adapter@D@__crt_stdio_output@@@2@@__crt_stdio_output@@QEAAHXZ 000000014000f140 f i libucrtd:output.obj
 0001:0000e4a0       ?process@?$output_processor@_WV?$string_output_adapter@_W@__crt_stdio_output@@V?$format_validation_base@_WV?$string_output_adapter@_W@__crt_stdio_output@@@2@@__crt_stdio_output@@QEAAHXZ 000000014000f4a0 f i libucrtd:output.obj
 0001:0000e800       ?set_flag@?$output_processor@DV?$stream_output_adapter@D@__crt_stdio_output@@V?$standard_base@DV?$stream_output_adapter@D@__crt_stdio_output@@@2@@__crt_stdio_output@@AEAAXI@Z 000000014000f800 f i libucrtd:output.obj
 0001:0000e800       ?set_flag@?$output_processor@_WV?$string_output_adapter@_W@__crt_stdio_output@@V?$format_validation_base@_WV?$string_output_adapter@_W@__crt_stdio_output@@@2@@__crt_stdio_output@@AEAAXI@Z 000000014000f800 f i libucrtd:output.obj
 0001:0000e800       ?set_flag@?$output_processor@DV?$string_output_adapter@D@__crt_stdio_output@@V?$format_validation_base@DV?$string_output_adapter@D@__crt_stdio_output@@@2@@__crt_stdio_output@@AEAAXI@Z 000000014000f800 f i libucrtd:output.obj
 0001:0000e820       ?validate_and_update_state_at_beginning_of_format_character@?$standard_base@DV?$stream_output_adapter@D@__crt_stdio_output@@@__crt_stdio_output@@IEAA_NXZ 000000014000f820 f i libucrtd:output.obj
[...]
 0002:00013ab8       $unwind$??$__acrt_wcs_to_mbs_cp@U__crt_win32_buffer_no_resizing@@@@YAHQEB_WAEAV?$__crt_win32_buffer@DU__crt_win32_buffer_no_resizing@@@@I@Z 0000000140052ab8     libucrtd:getmodulefilenamea.obj
 0002:00013ab8       $unwind$??$__acrt_mbs_to_wcs_cp@U__crt_win32_buffer_internal_dynamic_resizing@@@@YAHQEBDAEAV?$__crt_win32_buffer@_WU__crt_win32_buffer_internal_dynamic_resizing@@@@I@Z 0000000140052ab8     libucrtd:argv_wildcards.obj
 0002:00013ab8       $unwind$??$__acrt_wcs_to_mbs_cp@U__crt_win32_buffer_internal_dynamic_resizing@@@@YAHQEB_WAEAV?$__crt_win32_buffer@DU__crt_win32_buffer_internal_dynamic_resizing@@@@I@Z 0000000140052ab8     libucrtd:argv_wildcards.obj
 0002:00013ac0       $unwind$??$common_expand_argv_wildcards@D@@YAHQEAPEADQEAPEAPEAD@Z 0000000140052ac0     libucrtd:argv_wildcards.obj
 0002:00013ac8       $unwind$??$expand_argument_wildcards@D@@YAHQEAD0AEAV?$argument_list@D@?A0x5f5c8891@@@Z 0000000140052ac8     libucrtd:argv_wildcards.obj
 0002:00013adc       $unwind$__acrt_GetModuleFileNameA 0000000140052adc     libucrtd:getmodulefilenamea.obj
 0002:00013aec       $unwind$??1?$__crt_win32_buffer@DU__crt_win32_buffer_no_resizing@@@@QEAA@XZ 0000000140052aec     libucrtd:getmodulefilenamea.obj
 0002:00013b00       $ip2state$??1?$__crt_win32_buffer@DU__crt_win32_buffer_no_resizing@@@@QEAA@XZ 0000000140052b00     libucrtd:getmodulefilenamea.obj
 0002:00013b08       $unwind$_setmbcp_nolock    0000000140052b08     libucrtd:mbctype.obj
 0002:00013b18       $unwind$?getSystemCP@@YAHH@Z 0000000140052b18     libucrtd:mbctype.obj
 0002:00013b20       $unwind$?update_thread_multibyte_data_internal@@YAPEAU__crt_multibyte_data@@QEAU__acrt_ptd@@QEAPEAU1@@Z 0000000140052b20     libucrtd:mbctype.obj
 0002:00013b40       $unwind$?setmbcp_internal@@YAHH_NQEAU__acrt_ptd@@QEAPEAU__crt_multibyte_data@@@Z 0000000140052b40     libucrtd:mbctype.obj
 0002:00013b4c       $unwind$?setSBUpLow@@YAXPEAU__crt_multibyte_data@@@Z 0000000140052b4c     libucrtd:mbctype.obj
 0002:00013b5c       $unwind$??$?RV<lambda_efa02eb69bf647d2f7ff0dd6f1103f72>@@AEAV<lambda_bd5a608237428601b7e45fbdc72b1ae8>@@V<lambda_728235dc0fc2b1f82d1fa5b3e7102d8f>@@@?$__crt_seh_guarded_call@X@@QEAAX$$QEAV<lambda_efa02eb69bf647d2f7ff0dd6f1103f72>@@AEAV<lambda_bd5a608237428601b7e45fbdc72b1ae8>@@$$QEAV<lambda_728235dc0fc2b1f82d1fa5b3e7102d8f>@@@Z 0000000140052b5c     libucrtd:mbctype.obj
 0002:00013b7c       $unwind$__acrt_MultiByteToWideChar 0000000140052b7c     libucrtd:multibytetowidechar.obj
 0002:00013b84       $unwind$__acrt_WideCharToMultiByte 0000000140052b84     libucrtd:widechartomultibyte.obj
 0002:00013b8c       $unwind$__dcrt_get_narrow_environment_from_os 0000000140052b8c     libucrtd:get_environment_from_os.obj
 0002:00013ba4       $unwind$??$common_set_variable_in_environment_nolock@D@@YAHQEADH@Z 0000000140052ba4     libucrtd:setenv.obj
 0002:00013bc0       $unwind$??$copy_environment@D@@YAPEAPEADQEAPEAD@Z 0000000140052bc0     libucrtd:setenv.obj
 0002:00013bd4       $unwind$__acrt_lowio_create_handle_array 0000000140052bd4     libucrtd:osfinfo.obj
 0002:00013bdc       $unwind$__acrt_lowio_ensure_fh_exists 0000000140052bdc     libucrtd:osfinfo.obj
 0002:00013bfc       $unwind$__acrt_GetStringTypeA 0000000140052bfc     libucrtd:getstringtypea.obj
 0002:00013c04       $unwind$__acrt_update_thread_locale_data 0000000140052c04     libucrtd:locale_refcounting.obj
 0002:00013c24       $unwind$_query_new_handler 0000000140052c24     libucrtd:new_handler.obj
 0002:00013c44       $unwind$raise              0000000140052c44     libucrtd:signal.obj
 0002:00013c64       $unwind$??$?RV<lambda_450d765d439847d4c735a33c368b5fc0>@@AEAV<lambda_44731a7d0e6d81c3e6aa82d741081786>@@V<lambda_601a2a7da3b7a96e9554ac7215c4b07c>@@@?$__crt_seh_guarded_call@P6AXH@Z@@QEAAP6AXH@Z$$QEAV<lambda_450d765d439847d4c735a33c368b5fc0>@@AEAV<lambda_44731a7d0e6d81c3e6aa82d741081786>@@$$QEAV<lambda_601a2a7da3b7a96e9554ac7215c4b07c>@@@Z 0000000140052c64     libucrtd:signal.obj
 0002:00013c84       $unwind$_expand_base       0000000140052c84     libucrtd:expand.obj
 0002:00013c8c       $unwind$_VCrtDbgReportA    0000000140052c8c     libucrtd:dbgrptt.obj
 0002:00013cc4       $unwind$_VCrtDbgReportW    0000000140052cc4     libucrtd:dbgrptt.obj
 0002:00013cfc       $unwind$fclose             0000000140052cfc     libucrtd:fclose.obj
 0002:00013d1c       $unwind$??$?RV<lambda_4e3dbe6921bc0b5a1a6bc6573fdc859e>@@AEAV<lambda_5533cddd4bda0037814beee657757329>@@V<lambda_47cffbaa968af5c721c38a4a6f8da44d>@@@?$__crt_seh_guarded_call@H@@QEAAH$$QEAV<lambda_4e3dbe6921bc0b5a1a6bc6573fdc859e>@@AEAV<lambda_5533cddd4bda0037814beee657757329>@@$$QEAV<lambda_47cffbaa968af5c721c38a4a6f8da44d>@@@Z 0000000140052d1c     libucrtd:commit.obj
 0002:00013d3c       $unwind$_write             0000000140052d3c     libucrtd:write.obj
 0002:00013d5c       $unwind$_write_nolock      0000000140052d5c     libucrtd:write.obj
 0002:00013d70       $unwind$?write_double_translated_ansi_nolock@@YA?AUwrite_result@?A0x17268360@@HQEBDI@Z 0000000140052d70     libucrtd:write.obj
 0002:00013d84       $unwind$?write_double_translated_unicode_nolock@@YA?AUwrite_result@?A0x17268360@@QEBDI@Z 0000000140052d84     libucrtd:write.obj
 0002:00013d98       $unwind$?write_text_ansi_nolock@@YA?AUwrite_result@?A0x17268360@@HQEBDI@Z 0000000140052d98     libucrtd:write.obj
 0002:00013d98       $unwind$?write_text_utf16le_nolock@@YA?AUwrite_result@?A0x17268360@@HQEBDI@Z 0000000140052d98     libucrtd:write.obj
 0002:00013dac       $unwind$?write_text_utf8_nolock@@YA?AUwrite_result@?A0x17268360@@HQEBDI@Z 0000000140052dac     libucrtd:write.obj
 0002:00013dc0       $unwind$?write_binary_nolock@@YA?AUwrite_result@?A0x17268360@@HQEBDI@Z 0000000140052dc0     libucrtd:write.obj
 0002:00013dd4       $unwind$_isleadbyte_l      0000000140052dd4     libucrtd:_wctype.obj
 0002:00013dd4       $unwind$??$common_flush_and_write_nolock@D@@YAHHV__crt_stdio_stream@@@Z 0000000140052dd4     libucrtd:_flsbuf.obj
 0002:00013ddc       $unwind$?__mbsrtowcs_utf8@__crt_mbstring@@YA_KPEA_WPEAPEBD_KPEAU_Mbstatet@@@Z 0000000140052ddc     libucrtd:mbrtowc.obj
 0002:00013de4       $unwind$?__c32rtomb_utf8@__crt_mbstring@@YA_KPEAD_UPEAU_Mbstatet@@@Z 0000000140052de4     libucrtd:c32rtomb.obj
 0002:00013dec       $unwind$?reset_and_return@__crt_mbstring@@YA_K_KPEAU_Mbstatet@@@Z 0000000140052dec     libucrtd:c32rtomb.obj
 0002:00013df4       $unwind$__acrt_fltout      0000000140052df4     libucrtd:cfout.obj
 0002:00013dfc       $unwind$?make_big_integer@__crt_strtox@@YA?AUbig_integer@1@_K@Z 0000000140052dfc     libucrtd:cfout.obj
 0002:00013e0c       $unwind$?make_big_integer_power_of_two@__crt_strtox@@YA?AUbig_integer@1@I@Z 0000000140052e0c     libucrtd:cfout.obj
 0002:00013e1c       $unwind$?shift_left@__crt_strtox@@YA_NAEAUbig_integer@1@I@Z 0000000140052e1c     libucrtd:cfout.obj
 0002:00013e2c       $unwind$?add_multiply_carry@__crt_strtox@@YAIAEAIIII@Z 0000000140052e2c     libucrtd:cfout.obj
 0002:00013e34       $unwind$?multiply@__crt_strtox@@YA_NAEAUbig_integer@1@I@Z 0000000140052e34     libucrtd:cfout.obj
 0002:00013e44       $unwind$?multiply@__crt_strtox@@YA_NAEAUbig_integer@1@AEBU21@@Z 0000000140052e44     libucrtd:cfout.obj
 0002:00013e54       $unwind$?multiply_by_power_of_ten@__crt_strtox@@YA_NAEAUbig_integer@1@I@Z 0000000140052e54     libucrtd:cfout.obj
 0002:00013e64       $unwind$?divide@__crt_strtox@@YA_KAEAUbig_integer@1@AEBU21@@Z 0000000140052e64     libucrtd:cfout.obj
 0002:00013e74       $unwind$??$convert_to_fos_high_precision@N@@YA?AW4__acrt_has_trailing_digits@@NIQEAHQEAD_K@Z 0000000140052e74     libucrtd:cfout.obj
 0002:00013e84       $unwind$?stream_is_at_end_of_file_nolock@@YA_NV__crt_stdio_stream@@@Z 0000000140052e84     libucrtd:_flsbuf.obj
 0002:00013e8c       $unwind$??$write_buffer_nolock@D@@YA_NDV__crt_stdio_stream@@@Z 0000000140052e8c     libucrtd:_flsbuf.obj
 0002:00013e94       $unwind$__acrt_OutputDebugStringA 0000000140052e94     libucrtd:outputdebugstringa.obj
 0002:00013ea8       $unwind$qsort              0000000140052ea8     libucrtd:qsort.obj
 0002:00013eb8       $unwind$?shortsort@@YAXPEAD0_KP6AHPEBX2@Z@Z 0000000140052eb8     libucrtd:qsort.obj
 0002:00013ec8       $stateUnwindMap$?shortsort@@YAXPEAD0_KP6AHPEBX2@Z@Z 0000000140052ec8     libucrtd:qsort.obj
 0002:00013ed0       $ip2state$?shortsort@@YAXPEAD0_KP6AHPEBX2@Z@Z 0000000140052ed0     libucrtd:qsort.obj
 0002:00013ee8       $unwind$strpbrk            0000000140052ee8     libucrtd:strpbrk.obj
 0002:00013ef0       $unwind$fallbackMethod     0000000140052ef0     libucrtd:strpbrk.obj
 0002:00013f00       $unwind$_mbsdec_l          0000000140052f00     libucrtd:mbsdec.obj
 0002:00013f0c       $unwind$__acrt_LCMapStringA 0000000140052f0c     libucrtd:lcmapstringa.obj
 0002:00013f14       $unwind$_mbstowcs_s_l      0000000140052f14     libucrtd:mbstowcs.obj
 0002:00013f14       $unwind$?__acrt_LCMapStringA_stat@@YAHPEAU__crt_locale_pointers@@PEB_WKPEBDHPEADHHH@Z 0000000140052f14     libucrtd:lcmapstringa.obj
 0002:00013f1c       $unwind$__acrt_SetEnvironmentVariableA 0000000140052f1c     libucrtd:setenvironmentvariablea.obj
 0002:00013f24       $unwind$??$common_xtox_s@KD@@YAHKQEAD_KI_N@Z 0000000140052f24     libucrtd:xtoa.obj
 0002:00013f24       $unwind$??$common_xtox_s@K_W@@YAHKQEA_W_KI_N@Z 0000000140052f24     libucrtd:xtoa.obj
 0002:00013f2c       $unwind$?_mbstowcs_l_helper@@YA_KPEA_WPEBD_KPEAU__crt_locale_pointers@@@Z 0000000140052f2c     libucrtd:mbstowcs.obj
 0002:00013f38       $unwind$?_wcstombs_l_helper@@YA_KPEADPEB_W_KPEAU__crt_locale_pointers@@@Z 0000000140052f38     libucrtd:wcstombs.obj
 0002:00013f50       $stateUnwindMap$?_wcstombs_l_helper@@YA_KPEADPEB_W_KPEAU__crt_locale_pointers@@@Z 0000000140052f50     libucrtd:wcstombs.obj
 0002:00013f60       $ip2state$?_wcstombs_l_helper@@YA_KPEADPEB_W_KPEAU__crt_locale_pointers@@@Z 0000000140052f60     libucrtd:wcstombs.obj
 0002:00014078       $unwind$??$?RV<lambda_53fc7fc888e23d815d7080162c0aeeb2>@@AEAV<lambda_4e7105787b7b0e0227fbf2b2d883fa65>@@V<lambda_8ddc48ad9d26c778cb15812d1d88fc8a>@@@?$__crt_seh_guarded_call@H@@QEAAH$$QEAV<lambda_53fc7fc888e23d815d7080162c0aeeb2>@@AEAV<lambda_4e7105787b7b0e0227fbf2b2d883fa65>@@$$QEAV<lambda_8ddc48ad9d26c778cb15812d1d88fc8a>@@@Z 0000000140053078     libucrtd:close.obj
 0002:00014098       $unwind$??$common_lseek@_J@@YA_JH_JH@Z 0000000140053098     libucrtd:lseek.obj
 0002:000140b8       $unwind$?__mbrtoc32_utf8@__crt_mbstring@@YA_KPEA_UPEBD_KPEAU_Mbstatet@@@Z 00000001400530b8     libucrtd:mbrtoc32.obj
 0002:000140c8       $xdatasym                  00000001400530c8     libucrtd:log10.obj
 0002:000140d4       $unwind$ceil               00000001400530d4     libucrtd:ceil.obj
 0002:000140dc       $unwind$?InternalCompareStringA@@YAHPEAU__crt_locale_pointers@@PEB_WKPEBDH2HH@Z 00000001400530dc     libucrtd:comparestringa.obj
 0002:000140ec       $unwind$?__wcsrtombs_utf8@__crt_mbstring@@YA_KPEADPEAPEB_W_KPEAU_Mbstatet@@@Z 00000001400530ec     libucrtd:wcrtomb.obj
 0002:000140fc       $unwind$__dcrt_lowio_ensure_console_output_initialized 00000001400530fc     libucrtd:initcon.obj
 0002:00014104       $unwind$__dcrt_write_console 0000000140053104     libucrtd:initcon.obj
 0002:00014118       $unwind$__acrt_initialize_fma3 0000000140053118     libucrtd:fma3_available.obj
 0002:00014128       $unwind$_log_special_common 0000000140053128     libucrtd:log_special.obj
 0002:00014138       $unwind$_log10_special     0000000140053138     libucrtd:log_special.obj
 0002:00014140       $unwind$_handle_error      0000000140053140     libucrtd:libm_error.obj
 0002:00014150       $unwind$common_control87   0000000140053150     libucrtd:ieee.obj
 0002:00014170       $unwind$?__c16rtomb_utf8@__crt_mbstring@@YA_KPEAD_SPEAU_Mbstatet@@@Z 0000000140053170     libucrtd:c16rtomb.obj
 0002:00014178       $unwind$_ctrlfp            0000000140053178     libucrtd:fpctrl.obj
 0002:00014198       $xdatasym                  0000000140053198     libucrtd:fpsr.obj
 0002:000141a0       $unwind$_IsNonwritableInCurrentImage 00000001400531a0     LIBCMTD:pesect.obj
 0002:000141c0       $xdatasym                  00000001400531c0     LIBCMTD:chkstk.obj
 0002:000141c8       $xdatasym                  00000001400531c8     libvcruntimed:memcmp.obj
 0002:000141cc       $unwind$strrchr            00000001400531cc     libvcruntimed:strrchr.obj
 0002:0001455e       .idata$6                   000000014005355e     Ws2_32:WS2_32.dll
 0002:000146da       .idata$6                   00000001400536da     kernel32:KERNEL32.dll
 0003:00000030       ?__vcrt_flsindex@@3KA      0000000140054030     libvcruntimed:per_thread_data.obj
 0003:00000040       ?errno_no_memory@@3HA      0000000140054040     libucrtd:errno.obj
 0003:00000044       ?doserrno_no_memory@@3KA   0000000140054044     libucrtd:errno.obj
 0003:00000158       ?__acrt_current_request_number@@3JA 0000000140054158     libucrtd:debug_heap.obj
 0003:00000180       ?__acrt_flsindex@@3KA      0000000140054180     libucrtd:per_thread_data.obj
 0003:00000348       ?__acrt_debug_fill_threshold@@3_KA 0000000140054348     libucrtd:debug_fill_threshold.obj
 0003:00000580       _mbctypes                  0000000140054580     libucrtd:mbctype.obj
 0003:00000690       _mbcasemaps                0000000140054690     libucrtd:mbctype.obj
 0003:00000790       ?__rgctypeflag@@3PADA      0000000140054790     libucrtd:mbctype.obj
 0003:000007a0       ?__rgcode_page_info@@3PAUcode_page_info@@A 00000001400547a0     libucrtd:mbctype.obj
 0003:00000a80       ?__dcrt_lowio_console_output_handle@@3PEAXEA 0000000140054a80     libucrtd:initcon.obj
 0003:00000a90       ?dazSupported@?1??common_control87@@9@9 0000000140054a90     libucrtd:ieee.obj
 0003:00000a91       ?dazSupported@?1??_ctrlfp@@9@9 0000000140054a91     libucrtd:fpctrl.obj
 0003:00000b30       GS_ExceptionRecord         0000000140054b30     LIBCMTD:gs_report.obj
 0003:00000bd0       GS_ContextRecord           0000000140054bd0     LIBCMTD:gs_report.obj
 0003:000010b0       ?is_initialized_as_dll@@3_NA 00000001400550b0     LIBCMTD:utility.obj
 0003:000010b1       ?module_local_atexit_table_initialized@@3_NA 00000001400550b1     LIBCMTD:utility.obj
 0003:000010b8       ?module_local_atexit_table@@3U_onexit_table_t@@A 00000001400550b8     LIBCMTD:utility.obj
 0003:000010d0       ?module_local_at_quick_exit_table@@3U_onexit_table_t@@A 00000001400550d0     LIBCMTD:utility.obj
 0003:00001120       ?__vcrt_startup_thread_ptd@@3U__vcrt_ptd@@A 0000000140055120     libvcruntimed:per_thread_data.obj
 0003:000011a0       __vcrt_lock_table          00000001400551a0     libvcruntimed:locks.obj
 0003:000011c8       __vcrt_locks_initialized   00000001400551c8     libvcruntimed:locks.obj
 0003:00001210       ?heap@@3V_HeapManager@@A   0000000140055210     libvcruntimed:undname.obj
 0003:00001238       ?module_handles@@3PAPEAUHINSTANCE__@@A 0000000140055238     libvcruntimed:winapi_downlevel.obj
 0003:00001250       ?function_pointers@@3PAPEAXA 0000000140055250     libvcruntimed:winapi_downlevel.obj
 0003:00001280       ?c_termination_complete@@3JA 0000000140055280     libucrtd:exit.obj
 0003:00001288       ?thread_local_exit_callback_func@@3P6AXPEAXK0@ZEA 0000000140055288     libucrtd:exit.obj
 0003:000012ac       ?__acrt_app_type@@3W4_crt_app_type@@A 00000001400552ac     libucrtd:report_runtime_error.obj
 0003:000012b0       ?outmsg@?9??__acrt_report_runtime_error@@9@4PA_WA 00000001400552b0     libucrtd:report_runtime_error.obj
 0003:000018d8       ?user_matherr@@3V?$dual_state_global@P6AHPEAU_exception@@@Z@__crt_state_management@@A 00000001400558d8     libucrtd:matherr.obj
 0003:000018e0       ?program_name@?1???$common_configure_argv@D@@YAHW4_crt_argv_mode@@@Z@4PADA 00000001400558e0     libucrtd:argv_parsing.obj
 0003:00001a3c       ?__acrt_global_new_mode@@3V?$dual_state_global@J@__crt_state_management@@A 0000000140055a3c     libucrtd:new_mode.obj
 0003:00001a78       ?__acrt_first_block@@3PEAU_CrtMemBlockHeader@@EA 0000000140055a78     libucrtd:debug_heap.obj
 0003:00001a80       ?__acrt_last_block@@3PEAU_CrtMemBlockHeader@@EA 0000000140055a80     libucrtd:debug_heap.obj
 0003:00001a88       ?__acrt_total_allocations@@3_KA 0000000140055a88     libucrtd:debug_heap.obj
 0003:00001a90       ?__acrt_current_allocations@@3_KA 0000000140055a90     libucrtd:debug_heap.obj
 0003:00001a98       ?__acrt_max_allocations@@3_KA 0000000140055a98     libucrtd:debug_heap.obj
 0003:00001aa0       ?__acrt_check_frequency@@3IA 0000000140055aa0     libucrtd:debug_heap.obj
 0003:00001aa4       ?__acrt_check_counter@@3IA 0000000140055aa4     libucrtd:debug_heap.obj
 0003:00001ab0       ?heap_validation_pending@@3_NA 0000000140055ab0     libucrtd:debug_heap.obj
 0003:00001ab8       ?__acrt_invalid_parameter_handler@@3V?$dual_state_global@P6AXPEB_W00I_K@Z@__crt_state_management@@A 0000000140055ab8     libucrtd:invalid_parameter.obj
 0003:00001ac0       ?__acrt_lock_table@@3PAU_RTL_CRITICAL_SECTION@@A 0000000140055ac0     libucrtd:locks.obj
 0003:00001cf0       ?__acrt_locks_initialized@@3IA 0000000140055cf0     libucrtd:locks.obj
 0003:00001cf4       ?state_cache@?1???$get_cached_win_policy@Udeveloper_information_policy_properties@?1??__acrt_get_developer_information_policy@@YA?AW4developer_information_policy@@XZ@@@YA?AW4developer_information_policy@@W4AppPolicyShowDeveloperDiagnostic@@@Z@4JA 0000000140055cf4     libucrtd:win_policies.obj
 0003:00001cf8       ?state_cache@?1???$get_cached_win_policy@Uwindowing_model_policy_properties@?1??__acrt_get_windowing_model_policy@@YA?AW4windowing_model_policy@@XZ@@@YA?AW4windowing_model_policy@@W4AppPolicyWindowingModel@@@Z@4JA 0000000140055cf8     libucrtd:win_policies.obj
 0003:00001d10       ?module_handles@@3PAPEAUHINSTANCE__@@A 0000000140055d10     libucrtd:winapi_thunks.obj
 0003:00001db0       ?encoded_function_pointers@@3PAPEAXA 0000000140055db0     libucrtd:winapi_thunks.obj
 0003:000022c8       ?internal_state@?1??_mbtowc_l@@9@4U_Mbstatet@@A 00000001400562c8     libucrtd:mbtowc.obj
 0003:000022d0       ?enable_percent_n@@3_KA    00000001400562d0     libucrtd:printf_count_output.obj
 0003:000022e8       __acrt_error_mode          00000001400562e8     libucrtd:set_error_mode.obj
 0003:00002308       ?fSystemSet@@3HA           0000000140056308     libucrtd:mbctype.obj
 0003:0000230c       ?initialized@?1??__acrt_initialize_multibyte@@9@4_NA 000000014005630c     libucrtd:mbctype.obj
 0003:00002328       ?__acrt_new_handler@@3V?$dual_state_global@P6AH_K@Z@__crt_state_management@@A 0000000140056328     libucrtd:new_handler.obj
 0003:00002330       ?ctrlc_action@@3V?$dual_state_global@P6AXH@Z@__crt_state_management@@A 0000000140056330     libucrtd:signal.obj
 0003:00002338       ?ctrlbreak_action@@3V?$dual_state_global@P6AXH@Z@__crt_state_management@@A 0000000140056338     libucrtd:signal.obj
 0003:00002340       ?abort_action@@3V?$dual_state_global@P6AXH@Z@__crt_state_management@@A 0000000140056340     libucrtd:signal.obj
 0003:00002348       ?term_action@@3V?$dual_state_global@P6AXH@Z@__crt_state_management@@A 0000000140056348     libucrtd:signal.obj
 0003:00002368       ?internal_pst@?1??__mbrtoc32_utf8@__crt_mbstring@@YA_KPEA_UPEBD_KPEAU_Mbstatet@@@Z@4U3@A 0000000140056368     libucrtd:mbrtoc32.obj
 0003:00002378       ?internal_pst@?1??__c16rtomb_utf8@__crt_mbstring@@YA_KPEAD_SPEAU_Mbstatet@@@Z@4U3@A 0000000140056378     libucrtd:c16rtomb.obj
 0005:00000000       MoveSmall                  000000014005b000     libvcruntimed:memcpy.obj
 0005:00000040       MoveSmallYmm               000000014005b040     libvcruntimed:memcpy.obj
 0005:00000064       MoveSmallYmmNT             000000014005b064     libvcruntimed:memcpy.obj
 0005:00000088       MoveSmallXmm               000000014005b088     libvcruntimed:memcpy.obj
 0005:000000b0       MsetTab                    000000014005b0b0     libvcruntimed:memset.obj
